C51 COMPILER V9.60.7.0   GPIO                                                              08/18/2025 16:17:57 PAGE 1   


C51 COMPILER V9.60.7.0, COMPILATION OF MODULE GPIO
OBJECT MODULE PLACED IN .\Objects\gpio.obj
COMPILER INVOKED BY: D:\keil5C51\C51\BIN\C51.EXE gpio.c ROM(COMPACT) OPTIMIZE(0,SPEED) BROWSE DEBUG OBJECTEXTEND PRINT(.
                    -\Listings\gpio.lst) OBJECT(.\Objects\gpio.obj)

line level    source

   1          
   2          #include <SN8F5702.H>
   3          #include "gpio.h"
   4          
   5          void gpio_init(void)
   6          {
   7   1              /* key input gpio */
   8   1              
   9   1              //P00-P07
  10   1              P0UR = 0xff;
  11   1              P0M &= 0x00;
  12   1              
  13   1              //P13-P14
  14   1              P1UR = 3 << 3;
  15   1              P1M &= ~(3 << 3);
  16   1      
  17   1              //P20
  18   1              P2UR = 0xff;
  19   1              P2M &= 0x00;
  20   1              
  21   1              /* 433send  output gpio */
  22   1              P1UR &= ~(1 << 0);
  23   1              P1M |= 1 << 0;
  24   1      }


MODULE INFORMATION:   STATIC OVERLAYABLE
   CODE SIZE        =     25    ----
   CONSTANT SIZE    =   ----    ----
   XDATA SIZE       =   ----    ----
   PDATA SIZE       =   ----    ----
   DATA SIZE        =   ----    ----
   IDATA SIZE       =   ----    ----
   BIT SIZE         =   ----    ----
END OF MODULE INFORMATION.


C51 COMPILATION COMPLETE.  0 WARNING(S),  0 ERROR(S)
