<html>
<body>
<pre>
<h1>µVision Build Log</h1>
<h2>Tool Versions:</h2>
IDE-Version: ¦ÌVision V5.42.0.0
Copyright (C) 2025 ARM Ltd and ARM Germany GmbH. All rights reserved.
License Information: 1 Administrator, 11, LIC=IK1BF-6KR8B-2ZTW4-FMYEQ-TB5KW-HTE2F
 
Tool Versions:
Toolchain:       MDK-ARM Plus  Version: 5.42.0.0
Toolchain Path:  D:\keil5.42\ARM\ARMCLANG\Bin
C Compiler:      ArmClang.exe V6.23
Assembler:       Armasm.exe V6.23
Linker/Locator:  ArmLink.exe V6.23
Library Manager: ArmAr.exe V6.23
Hex Converter:   FromElf.exe V6.23
CPU DLL:         SARMCM3.DLL V5.42.0.0
Dialog DLL:      DCM.DLL V1.17.5.0
Target DLL:      Segger\JL2CM3.dll V2.99.45.0
Dialog DLL:      TCM.DLL V1.56.6.0
 
<h2>Project:</h2>
D:\433_send_receiver\433send_receiver\433_receiver\bootloader\project\MDK_V5\AT32F421_IAP.uvprojx
Project File Date:  07/12/2025

<h2>Output:</h2>
*** Using Compiler 'V6.23', folder: 'D:\keil5.42\ARM\ARMCLANG\Bin'
Rebuild target 'AT32F421_IAP'
compiling at32f421_int.c...
compiling wk_usart.c...
compiling at32f421_crm.c...
compiling wk_tmr.c...
compiling flash.c...
compiling at32f421_flash.c...
compiling main.c...
compiling iap.c...
compiling at32f421_tmr.c...
compiling at32f421_wk_config.c...
compiling at32f421_pwc.c...
compiling at32f421_misc.c...
compiling at32f421_debug.c...
compiling at32f421_gpio.c...
compiling at32f421_usart.c...
compiling system_at32f421.c...
compiling tmt.c...
armclang: warning: '--target=armv7em-arm-none-eabi' is not supported. Supported values for this option are 'arm-arm-none-eabi' or 'aarch64-arm-none-eabi' [-Wunsupported-option]
assembling startup_at32f421.s...
linking...
Program Size: Code=9014 RO-data=270 RW-data=4 ZI-data=5764  
FromELF: creating hex file...
".\objects\AT32F421_IAP.axf" - 0 Error(s), 1 Warning(s).

<h2>Software Packages used:</h2>

Package Vendor: ArteryTek
                
                ArteryTek::AT32F421_DFP@2.1.8
                ArteryTek AT32F421 Series Device Support,Drivers

<h2>Collection of Component include folders:</h2>
  D:/keil5.42/ArteryTek/AT32F421_DFP/2.1.8/Device/Include

<h2>Collection of Component Files used:</h2>
Build Time Elapsed:  00:00:01
</pre>
</body>
</html>
