Component: Arm Compiler for Embedded 6.23 Tool: armlink [5f102400]

==============================================================================

Section Cross References

    startup_at32f421.o(RESET) refers to startup_at32f421.o(STACK) for __initial_sp
    startup_at32f421.o(RESET) refers to startup_at32f421.o(.text) for Reset_Handler
    startup_at32f421.o(RESET) refers to lto-llvm-a89fc3.o(.text.NMI_Handler) for NMI_Handler
    startup_at32f421.o(RESET) refers to lto-llvm-a89fc3.o(.text.HardFault_Handler) for HardFault_Handler
    startup_at32f421.o(RESET) refers to lto-llvm-a89fc3.o(.text.MemManage_Handler) for MemManage_Handler
    startup_at32f421.o(RESET) refers to lto-llvm-a89fc3.o(.text.BusFault_Handler) for BusFault_Handler
    startup_at32f421.o(RESET) refers to lto-llvm-a89fc3.o(.text.UsageFault_Handler) for UsageFault_Handler
    startup_at32f421.o(RESET) refers to lto-llvm-a89fc3.o(.text.SVC_Handler) for SVC_Handler
    startup_at32f421.o(RESET) refers to lto-llvm-a89fc3.o(.text.DebugMon_Handler) for DebugMon_Handler
    startup_at32f421.o(RESET) refers to lto-llvm-a89fc3.o(.text.PendSV_Handler) for PendSV_Handler
    startup_at32f421.o(RESET) refers to lto-llvm-a89fc3.o(.text.SysTick_Handler) for SysTick_Handler
    startup_at32f421.o(RESET) refers to lto-llvm-a89fc3.o(.text.TMR3_GLOBAL_IRQHandler) for TMR3_GLOBAL_IRQHandler
    startup_at32f421.o(RESET) refers to lto-llvm-a89fc3.o(.text.USART1_IRQHandler) for USART1_IRQHandler
    startup_at32f421.o(RESET) refers to lto-llvm-a89fc3.o(.text.USART2_IRQHandler) for USART2_IRQHandler
    startup_at32f421.o(.text) refers to lto-llvm-a89fc3.o(.text.SystemInit) for SystemInit
    startup_at32f421.o(.text) refers to entry.o(.ARM.Collect$$$$00000000) for __main
    entry.o(.ARM.Collect$$$$00000000) refers (Special) to entry10a.o(.ARM.Collect$$$$0000000D) for __rt_final_cpp
    entry.o(.ARM.Collect$$$$00000000) refers (Special) to entry11a.o(.ARM.Collect$$$$0000000F) for __rt_final_exit
    entry.o(.ARM.Collect$$$$00000000) refers (Special) to entry7b.o(.ARM.Collect$$$$00000008) for _main_clock
    entry.o(.ARM.Collect$$$$00000000) refers (Special) to entry8b.o(.ARM.Collect$$$$0000000A) for _main_cpp_init
    entry.o(.ARM.Collect$$$$00000000) refers (Special) to entry9a.o(.ARM.Collect$$$$0000000B) for _main_init
    entry.o(.ARM.Collect$$$$00000000) refers (Special) to entry5.o(.ARM.Collect$$$$00000004) for _main_scatterload
    entry.o(.ARM.Collect$$$$00000000) refers (Special) to entry2.o(.ARM.Collect$$$$00000001) for _main_stk
    entry2.o(.ARM.Collect$$$$00000001) refers to entry2.o(.ARM.Collect$$$$00002712) for __lit__00000000
    entry2.o(.ARM.Collect$$$$00002712) refers to startup_at32f421.o(STACK) for __initial_sp
    entry2.o(__vectab_stack_and_reset_area) refers to startup_at32f421.o(STACK) for __initial_sp
    entry2.o(__vectab_stack_and_reset_area) refers to entry.o(.ARM.Collect$$$$00000000) for __main
    entry5.o(.ARM.Collect$$$$00000004) refers to init.o(.text) for __scatterload
    entry9a.o(.ARM.Collect$$$$0000000B) refers to lto-llvm-a89fc3.o(.text.main) for main
    entry9b.o(.ARM.Collect$$$$0000000C) refers to lto-llvm-a89fc3.o(.text.main) for main
    init.o(.text) refers to entry5.o(.ARM.Collect$$$$00000004) for __main_after_scatterload
    lto-llvm-a89fc3.o(.ARM.exidx.text.NMI_Handler) refers to lto-llvm-a89fc3.o(.text.NMI_Handler) for [Anonymous Symbol]
    lto-llvm-a89fc3.o(.ARM.exidx.text.HardFault_Handler) refers to lto-llvm-a89fc3.o(.text.HardFault_Handler) for [Anonymous Symbol]
    lto-llvm-a89fc3.o(.ARM.exidx.text.MemManage_Handler) refers to lto-llvm-a89fc3.o(.text.MemManage_Handler) for [Anonymous Symbol]
    lto-llvm-a89fc3.o(.ARM.exidx.text.BusFault_Handler) refers to lto-llvm-a89fc3.o(.text.BusFault_Handler) for [Anonymous Symbol]
    lto-llvm-a89fc3.o(.ARM.exidx.text.UsageFault_Handler) refers to lto-llvm-a89fc3.o(.text.UsageFault_Handler) for [Anonymous Symbol]
    lto-llvm-a89fc3.o(.ARM.exidx.text.SVC_Handler) refers to lto-llvm-a89fc3.o(.text.SVC_Handler) for [Anonymous Symbol]
    lto-llvm-a89fc3.o(.ARM.exidx.text.DebugMon_Handler) refers to lto-llvm-a89fc3.o(.text.DebugMon_Handler) for [Anonymous Symbol]
    lto-llvm-a89fc3.o(.ARM.exidx.text.PendSV_Handler) refers to lto-llvm-a89fc3.o(.text.PendSV_Handler) for [Anonymous Symbol]
    lto-llvm-a89fc3.o(.text.SysTick_Handler) refers to lto-llvm-a89fc3.o(.text.wk_timebase_handler) for wk_timebase_handler
    lto-llvm-a89fc3.o(.text.SysTick_Handler) refers to lto-llvm-a89fc3.o(.bss.tmt) for tmt
    lto-llvm-a89fc3.o(.ARM.exidx.text.SysTick_Handler) refers to lto-llvm-a89fc3.o(.text.SysTick_Handler) for [Anonymous Symbol]
    lto-llvm-a89fc3.o(.text.TMR3_GLOBAL_IRQHandler) refers to lto-llvm-a89fc3.o(.text.gpio_input_data_bit_read) for gpio_input_data_bit_read
    lto-llvm-a89fc3.o(.text.TMR3_GLOBAL_IRQHandler) refers to lto-llvm-a89fc3.o(.text.tmr_flag_clear) for tmr_flag_clear
[...]
    lto-llvm-a89fc3.o(.ARM.exidx.text.crc_reverse_output_data_set) refers to lto-llvm-a89fc3.o(.text.crc_reverse_output_data_set) for [Anonymous Symbol]
    lto-llvm-a89fc3.o(.ARM.exidx.text.crc_poly_value_set) refers to lto-llvm-a89fc3.o(.text.crc_poly_value_set) for [Anonymous Symbol]
    lto-llvm-a89fc3.o(.ARM.exidx.text.crc_poly_size_set) refers to lto-llvm-a89fc3.o(.text.crc_poly_size_set) for [Anonymous Symbol]
    lto-llvm-a89fc3.o(.ARM.exidx.text.wdt_counter_reload) refers to lto-llvm-a89fc3.o(.text.wdt_counter_reload) for [Anonymous Symbol]
    lto-llvm-a89fc3.o(.ARM.exidx.text.wdt_reload_value_set) refers to lto-llvm-a89fc3.o(.text.wdt_reload_value_set) for [Anonymous Symbol]
    lto-llvm-a89fc3.o(.ARM.exidx.text.wdt_divider_set) refers to lto-llvm-a89fc3.o(.text.wdt_divider_set) for [Anonymous Symbol]
    lto-llvm-a89fc3.o(.ARM.exidx.text.wdt_register_write_enable) refers to lto-llvm-a89fc3.o(.text.wdt_register_write_enable) for [Anonymous Symbol]
    lto-llvm-a89fc3.o(.text.nvic_irq_enable) refers to lto-llvm-a89fc3.o(.text.__NVIC_GetPriorityGrouping.123) for __NVIC_GetPriorityGrouping.123
    lto-llvm-a89fc3.o(.text.nvic_irq_enable) refers to lto-llvm-a89fc3.o(.text.NVIC_EncodePriority.124) for NVIC_EncodePriority.124
    lto-llvm-a89fc3.o(.text.nvic_irq_enable) refers to lto-llvm-a89fc3.o(.text.__NVIC_SetPriority.125) for __NVIC_SetPriority.125
    lto-llvm-a89fc3.o(.text.nvic_irq_enable) refers to lto-llvm-a89fc3.o(.text.__NVIC_EnableIRQ) for __NVIC_EnableIRQ
    lto-llvm-a89fc3.o(.ARM.exidx.text.nvic_irq_enable) refers to lto-llvm-a89fc3.o(.text.nvic_irq_enable) for [Anonymous Symbol]
    lto-llvm-a89fc3.o(.ARM.exidx.text.__NVIC_GetPriorityGrouping.123) refers to lto-llvm-a89fc3.o(.text.__NVIC_GetPriorityGrouping.123) for [Anonymous Symbol]
    lto-llvm-a89fc3.o(.ARM.exidx.text.NVIC_EncodePriority.124) refers to lto-llvm-a89fc3.o(.text.NVIC_EncodePriority.124) for [Anonymous Symbol]
    lto-llvm-a89fc3.o(.ARM.exidx.text.__NVIC_SetPriority.125) refers to lto-llvm-a89fc3.o(.text.__NVIC_SetPriority.125) for [Anonymous Symbol]
    lto-llvm-a89fc3.o(.ARM.exidx.text.__NVIC_EnableIRQ) refers to lto-llvm-a89fc3.o(.text.__NVIC_EnableIRQ) for [Anonymous Symbol]
    lto-llvm-a89fc3.o(.text.nvic_priority_group_config) refers to lto-llvm-a89fc3.o(.text.__NVIC_SetPriorityGrouping) for __NVIC_SetPriorityGrouping
    lto-llvm-a89fc3.o(.ARM.exidx.text.nvic_priority_group_config) refers to lto-llvm-a89fc3.o(.text.nvic_priority_group_config) for [Anonymous Symbol]
    lto-llvm-a89fc3.o(.ARM.exidx.text.__NVIC_SetPriorityGrouping) refers to lto-llvm-a89fc3.o(.text.__NVIC_SetPriorityGrouping) for [Anonymous Symbol]
    lto-llvm-a89fc3.o(.ARM.exidx.text.systick_clock_source_config) refers to lto-llvm-a89fc3.o(.text.systick_clock_source_config) for [Anonymous Symbol]
    lto-llvm-a89fc3.o(.ARM.exidx.text.SystemInit) refers to lto-llvm-a89fc3.o(.text.SystemInit) for [Anonymous Symbol]
    lto-llvm-a89fc3.o(.text.system_core_clock_update) refers to lto-llvm-a89fc3.o(.text.crm_sysclk_switch_status_get) for crm_sysclk_switch_status_get
    lto-llvm-a89fc3.o(.text.system_core_clock_update) refers to lto-llvm-a89fc3.o(.data.system_core_clock) for system_core_clock
    lto-llvm-a89fc3.o(.text.system_core_clock_update) refers to uldiv.o(.text) for __aeabi_uldivmod
    lto-llvm-a89fc3.o(.text.system_core_clock_update) refers to lto-llvm-a89fc3.o(.rodata.cst16) for system_core_clock_update.sys_ahb_div_table
    lto-llvm-a89fc3.o(.ARM.exidx.text.system_core_clock_update) refers to lto-llvm-a89fc3.o(.text.system_core_clock_update) for [Anonymous Symbol]
    lto-llvm-a89fc3.o(.text.tmt_init) refers to lto-llvm-a89fc3.o(.bss.object) for object
    lto-llvm-a89fc3.o(.text.tmt_init) refers to lto-llvm-a89fc3.o(.text.tmt_run) for tmt_run
    lto-llvm-a89fc3.o(.text.tmt_init) refers to lto-llvm-a89fc3.o(.text.tmt_update_tick) for tmt_update_tick
    lto-llvm-a89fc3.o(.text.tmt_init) refers to lto-llvm-a89fc3.o(.text.tmt_create) for tmt_create
    lto-llvm-a89fc3.o(.text.tmt_init) refers to lto-llvm-a89fc3.o(.text.tmt_delete) for tmt_delete
    lto-llvm-a89fc3.o(.text.tmt_init) refers to lto-llvm-a89fc3.o(.text.tmt_time_ctrl) for tmt_time_ctrl
    lto-llvm-a89fc3.o(.text.tmt_init) refers to lto-llvm-a89fc3.o(.text.tmt_run_ctrl) for tmt_run_ctrl
    lto-llvm-a89fc3.o(.text.tmt_init) refers to lto-llvm-a89fc3.o(.bss.tmt) for tmt
    lto-llvm-a89fc3.o(.ARM.exidx.text.tmt_init) refers to lto-llvm-a89fc3.o(.text.tmt_init) for [Anonymous Symbol]
    lto-llvm-a89fc3.o(.text.tmt_run) refers to lto-llvm-a89fc3.o(.bss.object) for object
    lto-llvm-a89fc3.o(.ARM.exidx.text.tmt_run) refers to lto-llvm-a89fc3.o(.text.tmt_run) for [Anonymous Symbol]
    lto-llvm-a89fc3.o(.text.tmt_update_tick) refers to lto-llvm-a89fc3.o(.bss.object) for object
    lto-llvm-a89fc3.o(.ARM.exidx.text.tmt_update_tick) refers to lto-llvm-a89fc3.o(.text.tmt_update_tick) for [Anonymous Symbol]
    lto-llvm-a89fc3.o(.text.tmt_create) refers to lto-llvm-a89fc3.o(.bss.object) for object
    lto-llvm-a89fc3.o(.ARM.exidx.text.tmt_create) refers to lto-llvm-a89fc3.o(.text.tmt_create) for [Anonymous Symbol]
    lto-llvm-a89fc3.o(.text.tmt_delete) refers to lto-llvm-a89fc3.o(.bss.object) for object
    lto-llvm-a89fc3.o(.ARM.exidx.text.tmt_delete) refers to lto-llvm-a89fc3.o(.text.tmt_delete) for [Anonymous Symbol]
    lto-llvm-a89fc3.o(.text.tmt_time_ctrl) refers to lto-llvm-a89fc3.o(.bss.object) for object
    lto-llvm-a89fc3.o(.ARM.exidx.text.tmt_time_ctrl) refers to lto-llvm-a89fc3.o(.text.tmt_time_ctrl) for [Anonymous Symbol]
    lto-llvm-a89fc3.o(.text.tmt_run_ctrl) refers to lto-llvm-a89fc3.o(.bss.object) for object
    lto-llvm-a89fc3.o(.ARM.exidx.text.tmt_run_ctrl) refers to lto-llvm-a89fc3.o(.text.tmt_run_ctrl) for [Anonymous Symbol]
    lto-llvm-a89fc3.o(.ARM.exidx.text.flash_wred_halfword) refers to lto-llvm-a89fc3.o(.text.flash_wred_halfword) for [Anonymous Symbol]
    lto-llvm-a89fc3.o(.text.data_check_len) refers to lto-llvm-a89fc3.o(.text.flash_wred_halfword) for flash_wred_halfword
    lto-llvm-a89fc3.o(.ARM.exidx.text.data_check_len) refers to lto-llvm-a89fc3.o(.text.data_check_len) for [Anonymous Symbol]
    lto-llvm-a89fc3.o(.text.FlashProc) refers to lto-llvm-a89fc3.o(.bss.FlashProc.sflash.0) for FlashProc.sflash.0
    lto-llvm-a89fc3.o(.text.FlashProc) refers to lto-llvm-a89fc3.o(.bss.FlashProc.first_start_flag) for FlashProc.first_start_flag
    lto-llvm-a89fc3.o(.text.FlashProc) refers to lto-llvm-a89fc3.o(.text.data_check_len) for data_check_len
    lto-llvm-a89fc3.o(.text.FlashProc) refers to lto-llvm-a89fc3.o(.text.flash_wred_halfword) for flash_wred_halfword
    lto-llvm-a89fc3.o(.text.FlashProc) refers to lto-llvm-a89fc3.o(.bss.FlashProc.a_ver) for FlashProc.a_ver
    lto-llvm-a89fc3.o(.text.FlashProc) refers to lto-llvm-a89fc3.o(.bss.FlashProc.b_ver) for FlashProc.b_ver
    lto-llvm-a89fc3.o(.text.FlashProc) refers to lto-llvm-a89fc3.o(.bss.sFW433_t) for sFW433_t
    lto-llvm-a89fc3.o(.text.FlashProc) refers to lto-llvm-a89fc3.o(.bss.FlashProc.last_address_code) for FlashProc.last_address_code
    lto-llvm-a89fc3.o(.text.FlashProc) refers to lto-llvm-a89fc3.o(.bss.FlashProc.last_Right_code_flag) for FlashProc.last_Right_code_flag
    lto-llvm-a89fc3.o(.text.FlashProc) refers to lto-llvm-a89fc3.o(.text.flash_unlock) for flash_unlock
    lto-llvm-a89fc3.o(.text.FlashProc) refers to lto-llvm-a89fc3.o(.bss.FlashProc.flash_count) for FlashProc.flash_count
    lto-llvm-a89fc3.o(.text.FlashProc) refers to lto-llvm-a89fc3.o(.text.flash_sector_erase) for flash_sector_erase
    lto-llvm-a89fc3.o(.text.FlashProc) refers to lto-llvm-a89fc3.o(.text.flash_halfword_program) for flash_halfword_program
    lto-llvm-a89fc3.o(.text.FlashProc) refers to lto-llvm-a89fc3.o(.bss.FlashProc.flash_version) for FlashProc.flash_version
    lto-llvm-a89fc3.o(.text.FlashProc) refers to lto-llvm-a89fc3.o(.text.flash_lock) for flash_lock
    lto-llvm-a89fc3.o(.ARM.exidx.text.FlashProc) refers to lto-llvm-a89fc3.o(.text.FlashProc) for [Anonymous Symbol]
    lto-llvm-a89fc3.o(.text.recevier_handle) refers to lto-llvm-a89fc3.o(.bss.sFW433_t) for sFW433_t
    lto-llvm-a89fc3.o(.text.recevier_handle) refers to lto-llvm-a89fc3.o(.text.right_code_handle) for right_code_handle
    lto-llvm-a89fc3.o(.text.recevier_handle) refers to lto-llvm-a89fc3.o(.text.decode_handle) for decode_handle
    lto-llvm-a89fc3.o(.ARM.exidx.text.recevier_handle) refers to lto-llvm-a89fc3.o(.text.recevier_handle) for [Anonymous Symbol]
    lto-llvm-a89fc3.o(.text.right_code_handle) refers to lto-llvm-a89fc3.o(.bss.data_433_buffer) for data_433_buffer
    lto-llvm-a89fc3.o(.text.right_code_handle) refers to lto-llvm-a89fc3.o(.bss.right_code_handle.right_code_time) for right_code_handle.right_code_time
    lto-llvm-a89fc3.o(.text.right_code_handle) refers to lto-llvm-a89fc3.o(.bss.sFW433_t) for sFW433_t
    lto-llvm-a89fc3.o(.ARM.exidx.text.right_code_handle) refers to lto-llvm-a89fc3.o(.text.right_code_handle) for [Anonymous Symbol]
    lto-llvm-a89fc3.o(.text.decode_handle) refers to lto-llvm-a89fc3.o(.bss.data_433_buffer) for data_433_buffer
    lto-llvm-a89fc3.o(.text.decode_handle) refers to lto-llvm-a89fc3.o(.bss.sFW433_t) for sFW433_t
    lto-llvm-a89fc3.o(.text.decode_handle) refers to lto-llvm-a89fc3.o(.text.crc_block_calculate) for crc_block_calculate
    lto-llvm-a89fc3.o(.text.decode_handle) refers to lto-llvm-a89fc3.o(.text.crc_data_reset) for crc_data_reset
    lto-llvm-a89fc3.o(.text.decode_handle) refers to lto-llvm-a89fc3.o(.text.usart1_send_byte) for usart1_send_byte
    lto-llvm-a89fc3.o(.ARM.exidx.text.decode_handle) refers to lto-llvm-a89fc3.o(.text.decode_handle) for [Anonymous Symbol]
    lto-llvm-a89fc3.o(.ARM.exidx.text.iap_command_handle) refers to lto-llvm-a89fc3.o(.text.iap_command_handle) for [Anonymous Symbol]
    lto-llvm-a89fc3.o(.text.asrpro_Handle) refers to lto-llvm-a89fc3.o(.bss.Asrpro_Rx_buffer.3) for Asrpro_Rx_buffer.3
    lto-llvm-a89fc3.o(.text.asrpro_Handle) refers to lto-llvm-a89fc3.o(.bss.Rx_usart2_finish_flag) for Rx_usart2_finish_flag
    lto-llvm-a89fc3.o(.text.asrpro_Handle) refers to lto-llvm-a89fc3.o(.bss.Asrpro_Rx_buffer.0) for Asrpro_Rx_buffer.0
    lto-llvm-a89fc3.o(.text.asrpro_Handle) refers to lto-llvm-a89fc3.o(.bss.Asrpro_Rx_buffer.1) for Asrpro_Rx_buffer.1
    lto-llvm-a89fc3.o(.text.asrpro_Handle) refers to lto-llvm-a89fc3.o(.bss.Asrpro_Rx_buffer.2) for Asrpro_Rx_buffer.2
    lto-llvm-a89fc3.o(.text.asrpro_Handle) refers to lto-llvm-a89fc3.o(.text.crc_block_calculate) for crc_block_calculate
    lto-llvm-a89fc3.o(.text.asrpro_Handle) refers to lto-llvm-a89fc3.o(.text.crc_data_reset) for crc_data_reset
    lto-llvm-a89fc3.o(.text.asrpro_Handle) refers to lto-llvm-a89fc3.o(.bss.sFW433_t) for sFW433_t
    lto-llvm-a89fc3.o(.text.asrpro_Handle) refers to lto-llvm-a89fc3.o(.text.usart1_send_byte) for usart1_send_byte
    lto-llvm-a89fc3.o(.ARM.exidx.text.asrpro_Handle) refers to lto-llvm-a89fc3.o(.text.asrpro_Handle) for [Anonymous Symbol]
    lto-llvm-a89fc3.o(.text.usart_send_handle) refers to lto-llvm-a89fc3.o(.bss.sFW433_t) for sFW433_t
    lto-llvm-a89fc3.o(.ARM.exidx.text.usart_send_handle) refers to lto-llvm-a89fc3.o(.text.usart_send_handle) for [Anonymous Symbol]
    lto-llvm-a89fc3.o(.text.usart1_send_byte) refers to lto-llvm-a89fc3.o(.text.usart_flag_get) for usart_flag_get
    lto-llvm-a89fc3.o(.text.usart1_send_byte) refers to lto-llvm-a89fc3.o(.text.usart_data_transmit) for usart_data_transmit
    lto-llvm-a89fc3.o(.ARM.exidx.text.usart1_send_byte) refers to lto-llvm-a89fc3.o(.text.usart1_send_byte) for [Anonymous Symbol]
    lto-llvm-a89fc3.o(.text.FW433_Init) refers to lto-llvm-a89fc3.o(.bss.sFW433_t) for sFW433_t
    lto-llvm-a89fc3.o(.ARM.exidx.text.FW433_Init) refers to lto-llvm-a89fc3.o(.text.FW433_Init) for [Anonymous Symbol]
    uldiv.o(.text) refers to llushr.o(.text) for __aeabi_llsr
    uldiv.o(.text) refers to llshl.o(.text) for __aeabi_llsl


==============================================================================

Removing Unused input sections from the image.

    Removing startup_at32f421.o(HEAP), (512 bytes).
    Removing lto-llvm-a89fc3.o(.text), (0 bytes).
    Removing lto-llvm-a89fc3.o(.ARM.exidx.text.NMI_Handler), (8 bytes).
    Removing lto-llvm-a89fc3.o(.ARM.exidx.text.HardFault_Handler), (8 bytes).
    Removing lto-llvm-a89fc3.o(.ARM.exidx.text.MemManage_Handler), (8 bytes).
    Removing lto-llvm-a89fc3.o(.ARM.exidx.text.BusFault_Handler), (8 bytes).
    Removing lto-llvm-a89fc3.o(.ARM.exidx.text.UsageFault_Handler), (8 bytes).
    Removing lto-llvm-a89fc3.o(.ARM.exidx.text.SVC_Handler), (8 bytes).
    Removing lto-llvm-a89fc3.o(.ARM.exidx.text.DebugMon_Handler), (8 bytes).
    Removing lto-llvm-a89fc3.o(.ARM.exidx.text.PendSV_Handler), (8 bytes).
    Removing lto-llvm-a89fc3.o(.ARM.exidx.text.SysTick_Handler), (8 bytes).
    Removing lto-llvm-a89fc3.o(.ARM.exidx.text.TMR3_GLOBAL_IRQHandler), (8 bytes).
    Removing lto-llvm-a89fc3.o(.ARM.exidx.text.USART1_IRQHandler), (8 bytes).
    Removing lto-llvm-a89fc3.o(.ARM.exidx.text.USART2_IRQHandler), (8 bytes).
    Removing lto-llvm-a89fc3.o(.ARM.exidx.text.wk_system_clock_config), (8 bytes).
    Removing lto-llvm-a89fc3.o(.ARM.exidx.text.wk_periph_clock_config), (8 bytes).
    Removing lto-llvm-a89fc3.o(.ARM.exidx.text.wk_nvic_config), (8 bytes).
    Removing lto-llvm-a89fc3.o(.ARM.exidx.text.__NVIC_GetPriorityGrouping), (8 bytes).
    Removing lto-llvm-a89fc3.o(.ARM.exidx.text.NVIC_EncodePriority), (8 bytes).
    Removing lto-llvm-a89fc3.o(.ARM.exidx.text.__NVIC_SetPriority), (8 bytes).
    Removing lto-llvm-a89fc3.o(.ARM.exidx.text.main), (8 bytes).
    Removing lto-llvm-a89fc3.o(.ARM.exidx.text.recevier433_task), (8 bytes).
    Removing lto-llvm-a89fc3.o(.ARM.exidx.text.iap_task), (8 bytes).
    Removing lto-llvm-a89fc3.o(.ARM.exidx.text.flash_task), (8 bytes).
    Removing lto-llvm-a89fc3.o(.ARM.exidx.text.asrpro_task), (8 bytes).
    Removing lto-llvm-a89fc3.o(.ARM.exidx.text.usart_send_task), (8 bytes).
    Removing lto-llvm-a89fc3.o(.ARM.exidx.text.led_task), (8 bytes).
    Removing lto-llvm-a89fc3.o(.ARM.exidx.text.wk_timebase_increase), (8 bytes).
    Removing lto-llvm-a89fc3.o(.ARM.exidx.text.wk_timebase_get), (8 bytes).
    Removing lto-llvm-a89fc3.o(.ARM.exidx.text.wk_delay_ms), (8 bytes).
    Removing lto-llvm-a89fc3.o(.ARM.exidx.text.wk_timebase_init), (8 bytes).
    Removing lto-llvm-a89fc3.o(.ARM.exidx.text.wk_timebase_handler), (8 bytes).
    Removing lto-llvm-a89fc3.o(.ARM.exidx.text.wk_usart1_init), (8 bytes).
    Removing lto-llvm-a89fc3.o(.ARM.exidx.text.wk_usart2_init), (8 bytes).
    Removing lto-llvm-a89fc3.o(.ARM.exidx.text.wk_gpio_config), (8 bytes).
    Removing lto-llvm-a89fc3.o(.ARM.exidx.text.wk_tmr3_init), (8 bytes).
    Removing lto-llvm-a89fc3.o(.ARM.exidx.text.wk_crc_init), (8 bytes).
    Removing lto-llvm-a89fc3.o(.ARM.exidx.text.wk_wdt_init), (8 bytes).
    Removing lto-llvm-a89fc3.o(.ARM.exidx.text.crm_reset), (8 bytes).
    Removing lto-llvm-a89fc3.o(.ARM.exidx.text.crm_flag_get), (8 bytes).
    Removing lto-llvm-a89fc3.o(.ARM.exidx.text.crm_periph_clock_enable), (8 bytes).
    Removing lto-llvm-a89fc3.o(.ARM.exidx.text.crm_clock_source_enable), (8 bytes).
    Removing lto-llvm-a89fc3.o(.ARM.exidx.text.crm_ahb_div_set), (8 bytes).
    Removing lto-llvm-a89fc3.o(.ARM.exidx.text.crm_apb1_div_set), (8 bytes).
    Removing lto-llvm-a89fc3.o(.ARM.exidx.text.crm_apb2_div_set), (8 bytes).
    Removing lto-llvm-a89fc3.o(.ARM.exidx.text.crm_pll_config), (8 bytes).
    Removing lto-llvm-a89fc3.o(.ARM.exidx.text.crm_sysclk_switch), (8 bytes).
    Removing lto-llvm-a89fc3.o(.ARM.exidx.text.crm_sysclk_switch_status_get), (8 bytes).
    Removing lto-llvm-a89fc3.o(.ARM.exidx.text.crm_clocks_freq_get), (8 bytes).
    Removing lto-llvm-a89fc3.o(.ARM.exidx.text.crm_auto_step_mode_enable), (8 bytes).
    Removing lto-llvm-a89fc3.o(.ARM.exidx.text.tmr_counter_enable), (8 bytes).
    Removing lto-llvm-a89fc3.o(.ARM.exidx.text.tmr_base_init), (8 bytes).
    Removing lto-llvm-a89fc3.o(.ARM.exidx.text.tmr_clock_source_div_set), (8 bytes).
    Removing lto-llvm-a89fc3.o(.ARM.exidx.text.tmr_cnt_dir_set), (8 bytes).
    Removing lto-llvm-a89fc3.o(.ARM.exidx.text.tmr_counter_value_set), (8 bytes).
    Removing lto-llvm-a89fc3.o(.ARM.exidx.text.tmr_channel_value_get), (8 bytes).
    Removing lto-llvm-a89fc3.o(.ARM.exidx.text.tmr_period_buffer_enable), (8 bytes).
    Removing lto-llvm-a89fc3.o(.ARM.exidx.text.tmr_input_channel_init), (8 bytes).
    Removing lto-llvm-a89fc3.o(.ARM.exidx.text.tmr_primary_mode_select), (8 bytes).
    Removing lto-llvm-a89fc3.o(.ARM.exidx.text.tmr_sub_sync_mode_set), (8 bytes).
    Removing lto-llvm-a89fc3.o(.ARM.exidx.text.tmr_interrupt_enable), (8 bytes).
    Removing lto-llvm-a89fc3.o(.ARM.exidx.text.tmr_flag_clear), (8 bytes).
    Removing lto-llvm-a89fc3.o(.ARM.exidx.text.gpio_init), (8 bytes).
    Removing lto-llvm-a89fc3.o(.ARM.exidx.text.gpio_default_para_init), (8 bytes).
    Removing lto-llvm-a89fc3.o(.ARM.exidx.text.gpio_input_data_bit_read), (8 bytes).
    Removing lto-llvm-a89fc3.o(.ARM.exidx.text.gpio_output_data_bit_read), (8 bytes).
    Removing lto-llvm-a89fc3.o(.ARM.exidx.text.gpio_bits_set), (8 bytes).
    Removing lto-llvm-a89fc3.o(.ARM.exidx.text.gpio_bits_reset), (8 bytes).
    Removing lto-llvm-a89fc3.o(.ARM.exidx.text.gpio_pin_mux_config), (8 bytes).
    Removing lto-llvm-a89fc3.o(.ARM.exidx.text.usart_init), (8 bytes).
    Removing lto-llvm-a89fc3.o(.ARM.exidx.text.usart_parity_selection_config), (8 bytes).
    Removing lto-llvm-a89fc3.o(.ARM.exidx.text.usart_enable), (8 bytes).
    Removing lto-llvm-a89fc3.o(.ARM.exidx.text.usart_transmitter_enable), (8 bytes).
    Removing lto-llvm-a89fc3.o(.ARM.exidx.text.usart_receiver_enable), (8 bytes).
    Removing lto-llvm-a89fc3.o(.ARM.exidx.text.usart_interrupt_enable), (8 bytes).
    Removing lto-llvm-a89fc3.o(.ARM.exidx.text.usart_data_transmit), (8 bytes).
    Removing lto-llvm-a89fc3.o(.ARM.exidx.text.usart_data_receive), (8 bytes).
    Removing lto-llvm-a89fc3.o(.ARM.exidx.text.usart_hardware_flow_control_set), (8 bytes).
    Removing lto-llvm-a89fc3.o(.ARM.exidx.text.usart_flag_get), (8 bytes).
    Removing lto-llvm-a89fc3.o(.ARM.exidx.text.usart_interrupt_flag_get), (8 bytes).
    Removing lto-llvm-a89fc3.o(.ARM.exidx.text.usart_flag_clear), (8 bytes).
    Removing lto-llvm-a89fc3.o(.ARM.exidx.text.flash_operation_status_get), (8 bytes).
    Removing lto-llvm-a89fc3.o(.ARM.exidx.text.flash_operation_wait_for), (8 bytes).
    Removing lto-llvm-a89fc3.o(.ARM.exidx.text.flash_unlock), (8 bytes).
    Removing lto-llvm-a89fc3.o(.ARM.exidx.text.flash_lock), (8 bytes).
    Removing lto-llvm-a89fc3.o(.ARM.exidx.text.flash_sector_erase), (8 bytes).
    Removing lto-llvm-a89fc3.o(.ARM.exidx.text.flash_halfword_program), (8 bytes).
    Removing lto-llvm-a89fc3.o(.ARM.exidx.text.crc_data_reset), (8 bytes).
    Removing lto-llvm-a89fc3.o(.ARM.exidx.text.crc_block_calculate), (8 bytes).
    Removing lto-llvm-a89fc3.o(.ARM.exidx.text.crc_init_data_set), (8 bytes).
    Removing lto-llvm-a89fc3.o(.ARM.exidx.text.crc_reverse_input_data_set), (8 bytes).
    Removing lto-llvm-a89fc3.o(.ARM.exidx.text.crc_reverse_output_data_set), (8 bytes).
    Removing lto-llvm-a89fc3.o(.ARM.exidx.text.crc_poly_value_set), (8 bytes).
    Removing lto-llvm-a89fc3.o(.ARM.exidx.text.crc_poly_size_set), (8 bytes).
    Removing lto-llvm-a89fc3.o(.ARM.exidx.text.wdt_counter_reload), (8 bytes).
    Removing lto-llvm-a89fc3.o(.ARM.exidx.text.wdt_reload_value_set), (8 bytes).
    Removing lto-llvm-a89fc3.o(.ARM.exidx.text.wdt_divider_set), (8 bytes).
    Removing lto-llvm-a89fc3.o(.ARM.exidx.text.wdt_register_write_enable), (8 bytes).
    Removing lto-llvm-a89fc3.o(.ARM.exidx.text.nvic_irq_enable), (8 bytes).
    Removing lto-llvm-a89fc3.o(.ARM.exidx.text.__NVIC_GetPriorityGrouping.123), (8 bytes).
    Removing lto-llvm-a89fc3.o(.ARM.exidx.text.NVIC_EncodePriority.124), (8 bytes).
    Removing lto-llvm-a89fc3.o(.ARM.exidx.text.__NVIC_SetPriority.125), (8 bytes).
    Removing lto-llvm-a89fc3.o(.ARM.exidx.text.__NVIC_EnableIRQ), (8 bytes).
    Removing lto-llvm-a89fc3.o(.ARM.exidx.text.nvic_priority_group_config), (8 bytes).
    Removing lto-llvm-a89fc3.o(.ARM.exidx.text.__NVIC_SetPriorityGrouping), (8 bytes).
    Removing lto-llvm-a89fc3.o(.ARM.exidx.text.systick_clock_source_config), (8 bytes).
    Removing lto-llvm-a89fc3.o(.ARM.exidx.text.SystemInit), (8 bytes).
    Removing lto-llvm-a89fc3.o(.ARM.exidx.text.system_core_clock_update), (8 bytes).
    Removing lto-llvm-a89fc3.o(.ARM.exidx.text.tmt_init), (8 bytes).
    Removing lto-llvm-a89fc3.o(.ARM.exidx.text.tmt_run), (8 bytes).
    Removing lto-llvm-a89fc3.o(.ARM.exidx.text.tmt_update_tick), (8 bytes).
    Removing lto-llvm-a89fc3.o(.ARM.exidx.text.tmt_create), (8 bytes).
    Removing lto-llvm-a89fc3.o(.ARM.exidx.text.tmt_delete), (8 bytes).
    Removing lto-llvm-a89fc3.o(.ARM.exidx.text.tmt_time_ctrl), (8 bytes).
    Removing lto-llvm-a89fc3.o(.ARM.exidx.text.tmt_run_ctrl), (8 bytes).
    Removing lto-llvm-a89fc3.o(.ARM.exidx.text.flash_wred_halfword), (8 bytes).
    Removing lto-llvm-a89fc3.o(.ARM.exidx.text.data_check_len), (8 bytes).
    Removing lto-llvm-a89fc3.o(.ARM.exidx.text.FlashProc), (8 bytes).
    Removing lto-llvm-a89fc3.o(.ARM.exidx.text.recevier_handle), (8 bytes).
    Removing lto-llvm-a89fc3.o(.ARM.exidx.text.right_code_handle), (8 bytes).
    Removing lto-llvm-a89fc3.o(.ARM.exidx.text.decode_handle), (8 bytes).
    Removing lto-llvm-a89fc3.o(.ARM.exidx.text.iap_command_handle), (8 bytes).
    Removing lto-llvm-a89fc3.o(.ARM.exidx.text.asrpro_Handle), (8 bytes).
    Removing lto-llvm-a89fc3.o(.ARM.exidx.text.usart_send_handle), (8 bytes).
    Removing lto-llvm-a89fc3.o(.ARM.exidx.text.usart1_send_byte), (8 bytes).
    Removing lto-llvm-a89fc3.o(.ARM.exidx.text.FW433_Init), (8 bytes).
    Removing lto-llvm-a89fc3.o(.ARM.use_no_argv), (4 bytes).

127 unused section(s) (total 1508 bytes) removed from the image.

==============================================================================

Image Symbol Table

    Local Symbols

    Symbol Name                              Value     Ov Type        Size  Object(Section)

    ../clib/microlib/division.c              0x00000000   Number         0  uldiv.o ABSOLUTE
    ../clib/microlib/init/entry.s            0x00000000   Number         0  entry.o ABSOLUTE
    ../clib/microlib/init/entry.s            0x00000000   Number         0  entry2.o ABSOLUTE
    ../clib/microlib/init/entry.s            0x00000000   Number         0  entry5.o ABSOLUTE
    ../clib/microlib/init/entry.s            0x00000000   Number         0  entry7a.o ABSOLUTE
    ../clib/microlib/init/entry.s            0x00000000   Number         0  entry7b.o ABSOLUTE
    ../clib/microlib/init/entry.s            0x00000000   Number         0  entry8a.o ABSOLUTE
    ../clib/microlib/init/entry.s            0x00000000   Number         0  entry8b.o ABSOLUTE
    ../clib/microlib/init/entry.s            0x00000000   Number         0  entry9a.o ABSOLUTE
    ../clib/microlib/init/entry.s            0x00000000   Number         0  entry9b.o ABSOLUTE
    ../clib/microlib/init/entry.s            0x00000000   Number         0  entry10a.o ABSOLUTE
    ../clib/microlib/init/entry.s            0x00000000   Number         0  entry10b.o ABSOLUTE
    ../clib/microlib/init/entry.s            0x00000000   Number         0  entry11a.o ABSOLUTE
    ../clib/microlib/init/entry.s            0x00000000   Number         0  entry11b.o ABSOLUTE
    ../clib/microlib/longlong.c              0x00000000   Number         0  llshl.o ABSOLUTE
    ../clib/microlib/longlong.c              0x00000000   Number         0  llushr.o ABSOLUTE
    dc.s                                     0x00000000   Number         0  dc.o ABSOLUTE
    handlers.s                               0x00000000   Number         0  handlers.o ABSOLUTE
    init.s                                   0x00000000   Number         0  init.o ABSOLUTE
    ld-temp.o                                0x00000000   Number         0  lto-llvm-a89fc3.o ABSOLUTE
    startup_at32f421.s                       0x00000000   Number         0  startup_at32f421.o ABSOLUTE
    RESET                                    0x08000000   Section      204  startup_at32f421.o(RESET)
    .ARM.Collect$$$$00000000                 0x080000cc   Section        0  entry.o(.ARM.Collect$$$$00000000)
    .ARM.Collect$$$$00000001                 0x080000cc   Section        4  entry2.o(.ARM.Collect$$$$00000001)
    .ARM.Collect$$$$00000004                 0x080000d0   Section        4  entry5.o(.ARM.Collect$$$$00000004)
    .ARM.Collect$$$$00000008                 0x080000d4   Section        0  entry7b.o(.ARM.Collect$$$$00000008)
    .ARM.Collect$$$$0000000A                 0x080000d4   Section        0  entry8b.o(.ARM.Collect$$$$0000000A)
    .ARM.Collect$$$$0000000B                 0x080000d4   Section        8  entry9a.o(.ARM.Collect$$$$0000000B)
    __lit__00000000                          0x080000dc   Data           4  entry2.o(.ARM.Collect$$$$00002712)
    .ARM.Collect$$$$0000000D                 0x080000dc   Section        0  entry10a.o(.ARM.Collect$$$$0000000D)
    .ARM.Collect$$$$0000000F                 0x080000dc   Section        0  entry11a.o(.ARM.Collect$$$$0000000F)
    .ARM.Collect$$$$00002712                 0x080000dc   Section        4  entry2.o(.ARM.Collect$$$$00002712)
    .text                                    0x080000e0   Section       36  startup_at32f421.o(.text)
    .text                                    0x08000104   Section       48  init.o(.text)
    .text                                    0x08000134   Section        0  uldiv.o(.text)
    .text                                    0x08000196   Section        0  llshl.o(.text)
    .text                                    0x080001b4   Section        0  llushr.o(.text)
    [Anonymous Symbol]                       0x080001d4   Section        0  lto-llvm-a89fc3.o(.text.BusFault_Handler)
    [Anonymous Symbol]                       0x080001d8   Section        0  lto-llvm-a89fc3.o(.text.DebugMon_Handler)
    FW433_Init                               0x080001dd   Thumb Code    58  lto-llvm-a89fc3.o(.text.FW433_Init)
    [Anonymous Symbol]                       0x080001dc   Section        0  lto-llvm-a89fc3.o(.text.FW433_Init)
    FlashProc                                0x08000219   Thumb Code   888  lto-llvm-a89fc3.o(.text.FlashProc)
    [Anonymous Symbol]                       0x08000218   Section        0  lto-llvm-a89fc3.o(.text.FlashProc)
    [Anonymous Symbol]                       0x08000590   Section        0  lto-llvm-a89fc3.o(.text.HardFault_Handler)
    [Anonymous Symbol]                       0x08000594   Section        0  lto-llvm-a89fc3.o(.text.MemManage_Handler)
    [Anonymous Symbol]                       0x08000598   Section        0  lto-llvm-a89fc3.o(.text.NMI_Handler)
    NVIC_EncodePriority                      0x0800059d   Thumb Code   100  lto-llvm-a89fc3.o(.text.NVIC_EncodePriority)
    [Anonymous Symbol]                       0x0800059c   Section        0  lto-llvm-a89fc3.o(.text.NVIC_EncodePriority)
    NVIC_EncodePriority.124                  0x08000601   Thumb Code    98  lto-llvm-a89fc3.o(.text.NVIC_EncodePriority.124)
    [Anonymous Symbol]                       0x08000600   Section        0  lto-llvm-a89fc3.o(.text.NVIC_EncodePriority.124)
    [Anonymous Symbol]                       0x08000664   Section        0  lto-llvm-a89fc3.o(.text.PendSV_Handler)
    [Anonymous Symbol]                       0x08000668   Section        0  lto-llvm-a89fc3.o(.text.SVC_Handler)
    [Anonymous Symbol]                       0x0800066c   Section        0  lto-llvm-a89fc3.o(.text.SysTick_Handler)
    [Anonymous Symbol]                       0x08000680   Section        0  lto-llvm-a89fc3.o(.text.SystemInit)
    [Anonymous Symbol]                       0x0800072c   Section        0  lto-llvm-a89fc3.o(.text.TMR3_GLOBAL_IRQHandler)
    [Anonymous Symbol]                       0x080009a8   Section        0  lto-llvm-a89fc3.o(.text.USART1_IRQHandler)
    [Anonymous Symbol]                       0x08000a14   Section        0  lto-llvm-a89fc3.o(.text.USART2_IRQHandler)
    [Anonymous Symbol]                       0x08000ac0   Section        0  lto-llvm-a89fc3.o(.text.UsageFault_Handler)
    __NVIC_EnableIRQ                         0x08000ac5   Thumb Code    50  lto-llvm-a89fc3.o(.text.__NVIC_EnableIRQ)
    [Anonymous Symbol]                       0x08000ac4   Section        0  lto-llvm-a89fc3.o(.text.__NVIC_EnableIRQ)
    __NVIC_GetPriorityGrouping               0x08000af9   Thumb Code    16  lto-llvm-a89fc3.o(.text.__NVIC_GetPriorityGrouping)
    [Anonymous Symbol]                       0x08000af8   Section        0  lto-llvm-a89fc3.o(.text.__NVIC_GetPriorityGrouping)
    __NVIC_GetPriorityGrouping.123           0x08000b09   Thumb Code    16  lto-llvm-a89fc3.o(.text.__NVIC_GetPriorityGrouping.123)
    [Anonymous Symbol]                       0x08000b08   Section        0  lto-llvm-a89fc3.o(.text.__NVIC_GetPriorityGrouping.123)
    __NVIC_SetPriority                       0x08000b19   Thumb Code    66  lto-llvm-a89fc3.o(.text.__NVIC_SetPriority)
    [Anonymous Symbol]                       0x08000b18   Section        0  lto-llvm-a89fc3.o(.text.__NVIC_SetPriority)
    __NVIC_SetPriority.125                   0x08000b5d   Thumb Code    66  lto-llvm-a89fc3.o(.text.__NVIC_SetPriority.125)
    [Anonymous Symbol]                       0x08000b5c   Section        0  lto-llvm-a89fc3.o(.text.__NVIC_SetPriority.125)
    __NVIC_SetPriorityGrouping               0x08000ba1   Thumb Code    60  lto-llvm-a89fc3.o(.text.__NVIC_SetPriorityGrouping)
    [Anonymous Symbol]                       0x08000ba0   Section        0  lto-llvm-a89fc3.o(.text.__NVIC_SetPriorityGrouping)
    asrpro_Handle                            0x08000bdd   Thumb Code   744  lto-llvm-a89fc3.o(.text.asrpro_Handle)
    [Anonymous Symbol]                       0x08000bdc   Section        0  lto-llvm-a89fc3.o(.text.asrpro_Handle)
    asrpro_task                              0x08000ec5   Thumb Code     8  lto-llvm-a89fc3.o(.text.asrpro_task)
    [Anonymous Symbol]                       0x08000ec4   Section        0  lto-llvm-a89fc3.o(.text.asrpro_task)
    crc_block_calculate                      0x08000ecd   Thumb Code    68  lto-llvm-a89fc3.o(.text.crc_block_calculate)
    [Anonymous Symbol]                       0x08000ecc   Section        0  lto-llvm-a89fc3.o(.text.crc_block_calculate)
    crc_data_reset                           0x08000f11   Thumb Code    18  lto-llvm-a89fc3.o(.text.crc_data_reset)
    [Anonymous Symbol]                       0x08000f10   Section        0  lto-llvm-a89fc3.o(.text.crc_data_reset)
    crc_init_data_set                        0x08000f25   Thumb Code    24  lto-llvm-a89fc3.o(.text.crc_init_data_set)
    [Anonymous Symbol]                       0x08000f24   Section        0  lto-llvm-a89fc3.o(.text.crc_init_data_set)
    crc_poly_size_set                        0x08000f3d   Thumb Code    40  lto-llvm-a89fc3.o(.text.crc_poly_size_set)
    [Anonymous Symbol]                       0x08000f3c   Section        0  lto-llvm-a89fc3.o(.text.crc_poly_size_set)
    crc_poly_value_set                       0x08000f65   Thumb Code    28  lto-llvm-a89fc3.o(.text.crc_poly_value_set)
    [Anonymous Symbol]                       0x08000f64   Section        0  lto-llvm-a89fc3.o(.text.crc_poly_value_set)
    crc_reverse_input_data_set               0x08000f81   Thumb Code    40  lto-llvm-a89fc3.o(.text.crc_reverse_input_data_set)
    [Anonymous Symbol]                       0x08000f80   Section        0  lto-llvm-a89fc3.o(.text.crc_reverse_input_data_set)
    crc_reverse_output_data_set              0x08000fa9   Thumb Code    40  lto-llvm-a89fc3.o(.text.crc_reverse_output_data_set)
    [Anonymous Symbol]                       0x08000fa8   Section        0  lto-llvm-a89fc3.o(.text.crc_reverse_output_data_set)
    crm_ahb_div_set                          0x08000fd1   Thumb Code    40  lto-llvm-a89fc3.o(.text.crm_ahb_div_set)
    [Anonymous Symbol]                       0x08000fd0   Section        0  lto-llvm-a89fc3.o(.text.crm_ahb_div_set)
    crm_apb1_div_set                         0x08000ff9   Thumb Code    40  lto-llvm-a89fc3.o(.text.crm_apb1_div_set)
    [Anonymous Symbol]                       0x08000ff8   Section        0  lto-llvm-a89fc3.o(.text.crm_apb1_div_set)
    crm_apb2_div_set                         0x08001021   Thumb Code    40  lto-llvm-a89fc3.o(.text.crm_apb2_div_set)
    [Anonymous Symbol]                       0x08001020   Section        0  lto-llvm-a89fc3.o(.text.crm_apb2_div_set)
    crm_auto_step_mode_enable                0x08001049   Thumb Code    56  lto-llvm-a89fc3.o(.text.crm_auto_step_mode_enable)
    [Anonymous Symbol]                       0x08001048   Section        0  lto-llvm-a89fc3.o(.text.crm_auto_step_mode_enable)
    crm_clock_source_enable                  0x08001081   Thumb Code   162  lto-llvm-a89fc3.o(.text.crm_clock_source_enable)
    [Anonymous Symbol]                       0x08001080   Section        0  lto-llvm-a89fc3.o(.text.crm_clock_source_enable)
    crm_clocks_freq_get                      0x08001125   Thumb Code   610  lto-llvm-a89fc3.o(.text.crm_clocks_freq_get)
    [Anonymous Symbol]                       0x08001124   Section        0  lto-llvm-a89fc3.o(.text.crm_clocks_freq_get)
    crm_flag_get                             0x08001389   Thumb Code    62  lto-llvm-a89fc3.o(.text.crm_flag_get)
    [Anonymous Symbol]                       0x08001388   Section        0  lto-llvm-a89fc3.o(.text.crm_flag_get)
    crm_periph_clock_enable                  0x080013c9   Thumb Code    86  lto-llvm-a89fc3.o(.text.crm_periph_clock_enable)
    [Anonymous Symbol]                       0x080013c8   Section        0  lto-llvm-a89fc3.o(.text.crm_periph_clock_enable)
    crm_pll_config                           0x08001421   Thumb Code   486  lto-llvm-a89fc3.o(.text.crm_pll_config)
    [Anonymous Symbol]                       0x08001420   Section        0  lto-llvm-a89fc3.o(.text.crm_pll_config)
    crm_reset                                0x08001609   Thumb Code   156  lto-llvm-a89fc3.o(.text.crm_reset)
    [Anonymous Symbol]                       0x08001608   Section        0  lto-llvm-a89fc3.o(.text.crm_reset)
    crm_sysclk_switch                        0x080016a5   Thumb Code    72  lto-llvm-a89fc3.o(.text.crm_sysclk_switch)
    [Anonymous Symbol]                       0x080016a4   Section        0  lto-llvm-a89fc3.o(.text.crm_sysclk_switch)
    crm_sysclk_switch_status_get             0x080016ed   Thumb Code    16  lto-llvm-a89fc3.o(.text.crm_sysclk_switch_status_get)
    [Anonymous Symbol]                       0x080016ec   Section        0  lto-llvm-a89fc3.o(.text.crm_sysclk_switch_status_get)
    data_check_len                           0x080016fd   Thumb Code    90  lto-llvm-a89fc3.o(.text.data_check_len)
    [Anonymous Symbol]                       0x080016fc   Section        0  lto-llvm-a89fc3.o(.text.data_check_len)
    decode_handle                            0x08001759   Thumb Code   660  lto-llvm-a89fc3.o(.text.decode_handle)
    [Anonymous Symbol]                       0x08001758   Section        0  lto-llvm-a89fc3.o(.text.decode_handle)
    flash_halfword_program                   0x080019ed   Thumb Code    64  lto-llvm-a89fc3.o(.text.flash_halfword_program)
    [Anonymous Symbol]                       0x080019ec   Section        0  lto-llvm-a89fc3.o(.text.flash_halfword_program)
    flash_lock                               0x08001a2d   Thumb Code    18  lto-llvm-a89fc3.o(.text.flash_lock)
    [Anonymous Symbol]                       0x08001a2c   Section        0  lto-llvm-a89fc3.o(.text.flash_lock)
    flash_operation_status_get               0x08001a41   Thumb Code   104  lto-llvm-a89fc3.o(.text.flash_operation_status_get)
    [Anonymous Symbol]                       0x08001a40   Section        0  lto-llvm-a89fc3.o(.text.flash_operation_status_get)
    flash_operation_wait_for                 0x08001aa9   Thumb Code    86  lto-llvm-a89fc3.o(.text.flash_operation_wait_for)
    [Anonymous Symbol]                       0x08001aa8   Section        0  lto-llvm-a89fc3.o(.text.flash_operation_wait_for)
    flash_sector_erase                       0x08001b01   Thumb Code    72  lto-llvm-a89fc3.o(.text.flash_sector_erase)
    [Anonymous Symbol]                       0x08001b00   Section        0  lto-llvm-a89fc3.o(.text.flash_sector_erase)
    flash_task                               0x08001b49   Thumb Code     8  lto-llvm-a89fc3.o(.text.flash_task)
    [Anonymous Symbol]                       0x08001b48   Section        0  lto-llvm-a89fc3.o(.text.flash_task)
    flash_unlock                             0x08001b51   Thumb Code    30  lto-llvm-a89fc3.o(.text.flash_unlock)
    [Anonymous Symbol]                       0x08001b50   Section        0  lto-llvm-a89fc3.o(.text.flash_unlock)
    flash_wred_halfword                      0x08001b71   Thumb Code    50  lto-llvm-a89fc3.o(.text.flash_wred_halfword)
    [Anonymous Symbol]                       0x08001b70   Section        0  lto-llvm-a89fc3.o(.text.flash_wred_halfword)
    gpio_bits_reset                          0x08001ba5   Thumb Code    20  lto-llvm-a89fc3.o(.text.gpio_bits_reset)
    [Anonymous Symbol]                       0x08001ba4   Section        0  lto-llvm-a89fc3.o(.text.gpio_bits_reset)
    gpio_bits_set                            0x08001bb9   Thumb Code    26  lto-llvm-a89fc3.o(.text.gpio_bits_set)
    [Anonymous Symbol]                       0x08001bb8   Section        0  lto-llvm-a89fc3.o(.text.gpio_bits_set)
    gpio_default_para_init                   0x08001bd5   Thumb Code    36  lto-llvm-a89fc3.o(.text.gpio_default_para_init)
    [Anonymous Symbol]                       0x08001bd4   Section        0  lto-llvm-a89fc3.o(.text.gpio_default_para_init)
    gpio_init                                0x08001bf9   Thumb Code   230  lto-llvm-a89fc3.o(.text.gpio_init)
    [Anonymous Symbol]                       0x08001bf8   Section        0  lto-llvm-a89fc3.o(.text.gpio_init)
    gpio_input_data_bit_read                 0x08001ce1   Thumb Code    60  lto-llvm-a89fc3.o(.text.gpio_input_data_bit_read)
    [Anonymous Symbol]                       0x08001ce0   Section        0  lto-llvm-a89fc3.o(.text.gpio_input_data_bit_read)
    gpio_output_data_bit_read                0x08001d1d   Thumb Code    58  lto-llvm-a89fc3.o(.text.gpio_output_data_bit_read)
    [Anonymous Symbol]                       0x08001d1c   Section        0  lto-llvm-a89fc3.o(.text.gpio_output_data_bit_read)
    gpio_pin_mux_config                      0x08001d59   Thumb Code   146  lto-llvm-a89fc3.o(.text.gpio_pin_mux_config)
    [Anonymous Symbol]                       0x08001d58   Section        0  lto-llvm-a89fc3.o(.text.gpio_pin_mux_config)
    iap_command_handle                       0x08001ded   Thumb Code     4  lto-llvm-a89fc3.o(.text.iap_command_handle)
    [Anonymous Symbol]                       0x08001dec   Section        0  lto-llvm-a89fc3.o(.text.iap_command_handle)
    iap_task                                 0x08001df1   Thumb Code     8  lto-llvm-a89fc3.o(.text.iap_task)
    [Anonymous Symbol]                       0x08001df0   Section        0  lto-llvm-a89fc3.o(.text.iap_task)
    led_task                                 0x08001df9   Thumb Code    96  lto-llvm-a89fc3.o(.text.led_task)
    [Anonymous Symbol]                       0x08001df8   Section        0  lto-llvm-a89fc3.o(.text.led_task)
    [Anonymous Symbol]                       0x08001e58   Section        0  lto-llvm-a89fc3.o(.text.main)
    nvic_irq_enable                          0x08001f25   Thumb Code    52  lto-llvm-a89fc3.o(.text.nvic_irq_enable)
    [Anonymous Symbol]                       0x08001f24   Section        0  lto-llvm-a89fc3.o(.text.nvic_irq_enable)
    nvic_priority_group_config               0x08001f59   Thumb Code    22  lto-llvm-a89fc3.o(.text.nvic_priority_group_config)
    [Anonymous Symbol]                       0x08001f58   Section        0  lto-llvm-a89fc3.o(.text.nvic_priority_group_config)
    recevier433_task                         0x08001f71   Thumb Code     8  lto-llvm-a89fc3.o(.text.recevier433_task)
    [Anonymous Symbol]                       0x08001f70   Section        0  lto-llvm-a89fc3.o(.text.recevier433_task)
    recevier_handle                          0x08001f79   Thumb Code    32  lto-llvm-a89fc3.o(.text.recevier_handle)
    [Anonymous Symbol]                       0x08001f78   Section        0  lto-llvm-a89fc3.o(.text.recevier_handle)
    right_code_handle                        0x08001f99   Thumb Code   106  lto-llvm-a89fc3.o(.text.right_code_handle)
    [Anonymous Symbol]                       0x08001f98   Section        0  lto-llvm-a89fc3.o(.text.right_code_handle)
    system_core_clock_update                 0x08002005   Thumb Code   552  lto-llvm-a89fc3.o(.text.system_core_clock_update)
    [Anonymous Symbol]                       0x08002004   Section        0  lto-llvm-a89fc3.o(.text.system_core_clock_update)
    systick_clock_source_config              0x0800222d   Thumb Code    58  lto-llvm-a89fc3.o(.text.systick_clock_source_config)
    [Anonymous Symbol]                       0x0800222c   Section        0  lto-llvm-a89fc3.o(.text.systick_clock_source_config)
    tmr_base_init                            0x08002269   Thumb Code    48  lto-llvm-a89fc3.o(.text.tmr_base_init)
    [Anonymous Symbol]                       0x08002268   Section        0  lto-llvm-a89fc3.o(.text.tmr_base_init)
    tmr_channel_value_get                    0x08002299   Thumb Code    90  lto-llvm-a89fc3.o(.text.tmr_channel_value_get)
    [Anonymous Symbol]                       0x08002298   Section        0  lto-llvm-a89fc3.o(.text.tmr_channel_value_get)
    tmr_clock_source_div_set                 0x080022f5   Thumb Code    44  lto-llvm-a89fc3.o(.text.tmr_clock_source_div_set)
    [Anonymous Symbol]                       0x080022f4   Section        0  lto-llvm-a89fc3.o(.text.tmr_clock_source_div_set)
    tmr_cnt_dir_set                          0x08002321   Thumb Code    44  lto-llvm-a89fc3.o(.text.tmr_cnt_dir_set)
    [Anonymous Symbol]                       0x08002320   Section        0  lto-llvm-a89fc3.o(.text.tmr_cnt_dir_set)
    tmr_counter_enable                       0x0800234d   Thumb Code    36  lto-llvm-a89fc3.o(.text.tmr_counter_enable)
    [Anonymous Symbol]                       0x0800234c   Section        0  lto-llvm-a89fc3.o(.text.tmr_counter_enable)
    tmr_counter_value_set                    0x08002371   Thumb Code    26  lto-llvm-a89fc3.o(.text.tmr_counter_value_set)
    [Anonymous Symbol]                       0x08002370   Section        0  lto-llvm-a89fc3.o(.text.tmr_counter_value_set)
    tmr_flag_clear                           0x0800238d   Thumb Code    28  lto-llvm-a89fc3.o(.text.tmr_flag_clear)
    [Anonymous Symbol]                       0x0800238c   Section        0  lto-llvm-a89fc3.o(.text.tmr_flag_clear)
    tmr_input_channel_init                   0x080023a9   Thumb Code   556  lto-llvm-a89fc3.o(.text.tmr_input_channel_init)
    [Anonymous Symbol]                       0x080023a8   Section        0  lto-llvm-a89fc3.o(.text.tmr_input_channel_init)
    tmr_interrupt_enable                     0x080025d5   Thumb Code    72  lto-llvm-a89fc3.o(.text.tmr_interrupt_enable)
    [Anonymous Symbol]                       0x080025d4   Section        0  lto-llvm-a89fc3.o(.text.tmr_interrupt_enable)
    tmr_period_buffer_enable                 0x0800261d   Thumb Code    44  lto-llvm-a89fc3.o(.text.tmr_period_buffer_enable)
    [Anonymous Symbol]                       0x0800261c   Section        0  lto-llvm-a89fc3.o(.text.tmr_period_buffer_enable)
    tmr_primary_mode_select                  0x08002649   Thumb Code    44  lto-llvm-a89fc3.o(.text.tmr_primary_mode_select)
    [Anonymous Symbol]                       0x08002648   Section        0  lto-llvm-a89fc3.o(.text.tmr_primary_mode_select)
    tmr_sub_sync_mode_set                    0x08002675   Thumb Code    44  lto-llvm-a89fc3.o(.text.tmr_sub_sync_mode_set)
    [Anonymous Symbol]                       0x08002674   Section        0  lto-llvm-a89fc3.o(.text.tmr_sub_sync_mode_set)
    tmt_create                               0x080026a1   Thumb Code   136  lto-llvm-a89fc3.o(.text.tmt_create)
    [Anonymous Symbol]                       0x080026a0   Section        0  lto-llvm-a89fc3.o(.text.tmt_create)
    tmt_delete                               0x08002729   Thumb Code   300  lto-llvm-a89fc3.o(.text.tmt_delete)
    [Anonymous Symbol]                       0x08002728   Section        0  lto-llvm-a89fc3.o(.text.tmt_delete)
    tmt_init                                 0x08002855   Thumb Code   118  lto-llvm-a89fc3.o(.text.tmt_init)
    [Anonymous Symbol]                       0x08002854   Section        0  lto-llvm-a89fc3.o(.text.tmt_init)
    tmt_run                                  0x080028cd   Thumb Code   178  lto-llvm-a89fc3.o(.text.tmt_run)
    [Anonymous Symbol]                       0x080028cc   Section        0  lto-llvm-a89fc3.o(.text.tmt_run)
    tmt_run_ctrl                             0x08002981   Thumb Code   134  lto-llvm-a89fc3.o(.text.tmt_run_ctrl)
    [Anonymous Symbol]                       0x08002980   Section        0  lto-llvm-a89fc3.o(.text.tmt_run_ctrl)
    tmt_time_ctrl                            0x08002a09   Thumb Code   152  lto-llvm-a89fc3.o(.text.tmt_time_ctrl)
    [Anonymous Symbol]                       0x08002a08   Section        0  lto-llvm-a89fc3.o(.text.tmt_time_ctrl)
    tmt_update_tick                          0x08002aa1   Thumb Code   106  lto-llvm-a89fc3.o(.text.tmt_update_tick)
    [Anonymous Symbol]                       0x08002aa0   Section        0  lto-llvm-a89fc3.o(.text.tmt_update_tick)
    usart1_send_byte                         0x08002b0d   Thumb Code    58  lto-llvm-a89fc3.o(.text.usart1_send_byte)
    [Anonymous Symbol]                       0x08002b0c   Section        0  lto-llvm-a89fc3.o(.text.usart1_send_byte)
    usart_data_receive                       0x08002b49   Thumb Code    14  lto-llvm-a89fc3.o(.text.usart_data_receive)
    [Anonymous Symbol]                       0x08002b48   Section        0  lto-llvm-a89fc3.o(.text.usart_data_receive)
    usart_data_transmit                      0x08002b59   Thumb Code    32  lto-llvm-a89fc3.o(.text.usart_data_transmit)
    [Anonymous Symbol]                       0x08002b58   Section        0  lto-llvm-a89fc3.o(.text.usart_data_transmit)
    usart_enable                             0x08002b79   Thumb Code    36  lto-llvm-a89fc3.o(.text.usart_enable)
    [Anonymous Symbol]                       0x08002b78   Section        0  lto-llvm-a89fc3.o(.text.usart_enable)
    usart_flag_clear                         0x08002b9d   Thumb Code    40  lto-llvm-a89fc3.o(.text.usart_flag_clear)
    [Anonymous Symbol]                       0x08002b9c   Section        0  lto-llvm-a89fc3.o(.text.usart_flag_clear)
    usart_flag_get                           0x08002bc5   Thumb Code    52  lto-llvm-a89fc3.o(.text.usart_flag_get)
    [Anonymous Symbol]                       0x08002bc4   Section        0  lto-llvm-a89fc3.o(.text.usart_flag_get)
    usart_hardware_flow_control_set          0x08002bf9   Thumb Code   146  lto-llvm-a89fc3.o(.text.usart_hardware_flow_control_set)
    [Anonymous Symbol]                       0x08002bf8   Section        0  lto-llvm-a89fc3.o(.text.usart_hardware_flow_control_set)
    usart_init                               0x08002c8d   Thumb Code   212  lto-llvm-a89fc3.o(.text.usart_init)
    [Anonymous Symbol]                       0x08002c8c   Section        0  lto-llvm-a89fc3.o(.text.usart_init)
    usart_interrupt_enable                   0x08002d61   Thumb Code    82  lto-llvm-a89fc3.o(.text.usart_interrupt_enable)
    [Anonymous Symbol]                       0x08002d60   Section        0  lto-llvm-a89fc3.o(.text.usart_interrupt_enable)
    usart_interrupt_flag_get                 0x08002db5   Thumb Code   288  lto-llvm-a89fc3.o(.text.usart_interrupt_flag_get)
    [Anonymous Symbol]                       0x08002db4   Section        0  lto-llvm-a89fc3.o(.text.usart_interrupt_flag_get)
    usart_parity_selection_config            0x08002ed5   Thumb Code   112  lto-llvm-a89fc3.o(.text.usart_parity_selection_config)
    [Anonymous Symbol]                       0x08002ed4   Section        0  lto-llvm-a89fc3.o(.text.usart_parity_selection_config)
    usart_receiver_enable                    0x08002f45   Thumb Code    36  lto-llvm-a89fc3.o(.text.usart_receiver_enable)
    [Anonymous Symbol]                       0x08002f44   Section        0  lto-llvm-a89fc3.o(.text.usart_receiver_enable)
    usart_send_handle                        0x08002f69   Thumb Code   130  lto-llvm-a89fc3.o(.text.usart_send_handle)
    [Anonymous Symbol]                       0x08002f68   Section        0  lto-llvm-a89fc3.o(.text.usart_send_handle)
    usart_send_task                          0x08002fed   Thumb Code     8  lto-llvm-a89fc3.o(.text.usart_send_task)
    [Anonymous Symbol]                       0x08002fec   Section        0  lto-llvm-a89fc3.o(.text.usart_send_task)
    usart_transmitter_enable                 0x08002ff5   Thumb Code    44  lto-llvm-a89fc3.o(.text.usart_transmitter_enable)
    [Anonymous Symbol]                       0x08002ff4   Section        0  lto-llvm-a89fc3.o(.text.usart_transmitter_enable)
    wdt_counter_reload                       0x08003021   Thumb Code    16  lto-llvm-a89fc3.o(.text.wdt_counter_reload)
    [Anonymous Symbol]                       0x08003020   Section        0  lto-llvm-a89fc3.o(.text.wdt_counter_reload)
    wdt_divider_set                          0x08003031   Thumb Code    32  lto-llvm-a89fc3.o(.text.wdt_divider_set)
    [Anonymous Symbol]                       0x08003030   Section        0  lto-llvm-a89fc3.o(.text.wdt_divider_set)
    wdt_register_write_enable                0x08003051   Thumb Code    50  lto-llvm-a89fc3.o(.text.wdt_register_write_enable)
    [Anonymous Symbol]                       0x08003050   Section        0  lto-llvm-a89fc3.o(.text.wdt_register_write_enable)
    wdt_reload_value_set                     0x08003085   Thumb Code    26  lto-llvm-a89fc3.o(.text.wdt_reload_value_set)
    [Anonymous Symbol]                       0x08003084   Section        0  lto-llvm-a89fc3.o(.text.wdt_reload_value_set)
    wk_crc_init                              0x080030a1   Thumb Code    38  lto-llvm-a89fc3.o(.text.wk_crc_init)
    [Anonymous Symbol]                       0x080030a0   Section        0  lto-llvm-a89fc3.o(.text.wk_crc_init)
    wk_delay_ms                              0x080030c9   Thumb Code    56  lto-llvm-a89fc3.o(.text.wk_delay_ms)
    [Anonymous Symbol]                       0x080030c8   Section        0  lto-llvm-a89fc3.o(.text.wk_delay_ms)
    wk_gpio_config                           0x08003101   Thumb Code   112  lto-llvm-a89fc3.o(.text.wk_gpio_config)
    [Anonymous Symbol]                       0x08003100   Section        0  lto-llvm-a89fc3.o(.text.wk_gpio_config)
    wk_nvic_config                           0x08003171   Thumb Code   172  lto-llvm-a89fc3.o(.text.wk_nvic_config)
    [Anonymous Symbol]                       0x08003170   Section        0  lto-llvm-a89fc3.o(.text.wk_nvic_config)
    wk_periph_clock_config                   0x0800321d   Thumb Code    64  lto-llvm-a89fc3.o(.text.wk_periph_clock_config)
    [Anonymous Symbol]                       0x0800321c   Section        0  lto-llvm-a89fc3.o(.text.wk_periph_clock_config)
    wk_system_clock_config                   0x0800325d   Thumb Code   142  lto-llvm-a89fc3.o(.text.wk_system_clock_config)
    [Anonymous Symbol]                       0x0800325c   Section        0  lto-llvm-a89fc3.o(.text.wk_system_clock_config)
    wk_timebase_get                          0x080032ed   Thumb Code    12  lto-llvm-a89fc3.o(.text.wk_timebase_get)
    [Anonymous Symbol]                       0x080032ec   Section        0  lto-llvm-a89fc3.o(.text.wk_timebase_get)
    wk_timebase_handler                      0x080032f9   Thumb Code     8  lto-llvm-a89fc3.o(.text.wk_timebase_handler)
    [Anonymous Symbol]                       0x080032f8   Section        0  lto-llvm-a89fc3.o(.text.wk_timebase_handler)
    wk_timebase_increase                     0x08003301   Thumb Code    16  lto-llvm-a89fc3.o(.text.wk_timebase_increase)
    [Anonymous Symbol]                       0x08003300   Section        0  lto-llvm-a89fc3.o(.text.wk_timebase_increase)
    wk_timebase_init                         0x08003311   Thumb Code    84  lto-llvm-a89fc3.o(.text.wk_timebase_init)
    [Anonymous Symbol]                       0x08003310   Section        0  lto-llvm-a89fc3.o(.text.wk_timebase_init)
    wk_tmr3_init                             0x08003365   Thumb Code   114  lto-llvm-a89fc3.o(.text.wk_tmr3_init)
    [Anonymous Symbol]                       0x08003364   Section        0  lto-llvm-a89fc3.o(.text.wk_tmr3_init)
    wk_usart1_init                           0x080033d9   Thumb Code   166  lto-llvm-a89fc3.o(.text.wk_usart1_init)
    [Anonymous Symbol]                       0x080033d8   Section        0  lto-llvm-a89fc3.o(.text.wk_usart1_init)
    wk_usart2_init                           0x08003481   Thumb Code   124  lto-llvm-a89fc3.o(.text.wk_usart2_init)
    [Anonymous Symbol]                       0x08003480   Section        0  lto-llvm-a89fc3.o(.text.wk_usart2_init)
    wk_wdt_init                              0x080034fd   Thumb Code    20  lto-llvm-a89fc3.o(.text.wk_wdt_init)
    [Anonymous Symbol]                       0x080034fc   Section        0  lto-llvm-a89fc3.o(.text.wk_wdt_init)
    i.__scatterload_copy                     0x08003510   Section       14  handlers.o(i.__scatterload_copy)
    i.__scatterload_null                     0x0800351e   Section        2  handlers.o(i.__scatterload_null)
    i.__scatterload_zeroinit                 0x08003520   Section       14  handlers.o(i.__scatterload_zeroinit)
    system_core_clock_update.sys_ahb_div_table 0x0800352e   Data          16  lto-llvm-a89fc3.o(.rodata.cst16)
    [Anonymous Symbol]                       0x0800352e   Section        0  lto-llvm-a89fc3.o(.rodata.cst16)
    crm_clocks_freq_get.ahb_apb2_div_table   0x0800353e   Data           8  lto-llvm-a89fc3.o(.rodata.cst8)
    [Anonymous Symbol]                       0x0800353e   Section        0  lto-llvm-a89fc3.o(.rodata.cst8)
    crm_clocks_freq_get.adc_div_table        0x08003546   Data           8  lto-llvm-a89fc3.o(.rodata.cst8)
    system_core_clock                        0x20000000   Data           4  lto-llvm-a89fc3.o(.data.system_core_clock)
    [Anonymous Symbol]                       0x20000000   Section        0  lto-llvm-a89fc3.o(.data.system_core_clock)
    Asrpro_Rx_buffer.0                       0x20000008   Data           2  lto-llvm-a89fc3.o(.bss.Asrpro_Rx_buffer.0)
    [Anonymous Symbol]                       0x20000008   Section        0  lto-llvm-a89fc3.o(.bss.Asrpro_Rx_buffer.0)
    Asrpro_Rx_buffer.1                       0x2000000a   Data           2  lto-llvm-a89fc3.o(.bss.Asrpro_Rx_buffer.1)
    [Anonymous Symbol]                       0x2000000a   Section        0  lto-llvm-a89fc3.o(.bss.Asrpro_Rx_buffer.1)
    Asrpro_Rx_buffer.2                       0x2000000c   Data           2  lto-llvm-a89fc3.o(.bss.Asrpro_Rx_buffer.2)
    [Anonymous Symbol]                       0x2000000c   Section        0  lto-llvm-a89fc3.o(.bss.Asrpro_Rx_buffer.2)
    Asrpro_Rx_buffer.3                       0x2000000e   Data           2  lto-llvm-a89fc3.o(.bss.Asrpro_Rx_buffer.3)
    [Anonymous Symbol]                       0x2000000e   Section        0  lto-llvm-a89fc3.o(.bss.Asrpro_Rx_buffer.3)
    FlashProc.a_ver                          0x20000010   Data           2  lto-llvm-a89fc3.o(.bss.FlashProc.a_ver)
    [Anonymous Symbol]                       0x20000010   Section        0  lto-llvm-a89fc3.o(.bss.FlashProc.a_ver)
    FlashProc.b_ver                          0x20000012   Data           2  lto-llvm-a89fc3.o(.bss.FlashProc.b_ver)
    [Anonymous Symbol]                       0x20000012   Section        0  lto-llvm-a89fc3.o(.bss.FlashProc.b_ver)
    FlashProc.first_start_flag               0x20000014   Data           1  lto-llvm-a89fc3.o(.bss.FlashProc.first_start_flag)
    [Anonymous Symbol]                       0x20000014   Section        0  lto-llvm-a89fc3.o(.bss.FlashProc.first_start_flag)
    FlashProc.flash_count                    0x20000015   Data           1  lto-llvm-a89fc3.o(.bss.FlashProc.flash_count)
    [Anonymous Symbol]                       0x20000015   Section        0  lto-llvm-a89fc3.o(.bss.FlashProc.flash_count)
    FlashProc.flash_version                  0x20000016   Data           2  lto-llvm-a89fc3.o(.bss.FlashProc.flash_version)
    [Anonymous Symbol]                       0x20000016   Section        0  lto-llvm-a89fc3.o(.bss.FlashProc.flash_version)
    FlashProc.last_Right_code_flag           0x20000018   Data           1  lto-llvm-a89fc3.o(.bss.FlashProc.last_Right_code_flag)
    [Anonymous Symbol]                       0x20000018   Section        0  lto-llvm-a89fc3.o(.bss.FlashProc.last_Right_code_flag)
    FlashProc.last_address_code              0x2000001a   Data           2  lto-llvm-a89fc3.o(.bss.FlashProc.last_address_code)
    [Anonymous Symbol]                       0x2000001a   Section        0  lto-llvm-a89fc3.o(.bss.FlashProc.last_address_code)
    FlashProc.sflash.0                       0x2000001c   Data           1  lto-llvm-a89fc3.o(.bss.FlashProc.sflash.0)
    [Anonymous Symbol]                       0x2000001c   Section        0  lto-llvm-a89fc3.o(.bss.FlashProc.sflash.0)
    Rx_usart2_finish_flag                    0x2000001d   Data           1  lto-llvm-a89fc3.o(.bss.Rx_usart2_finish_flag)
    [Anonymous Symbol]                       0x2000001d   Section        0  lto-llvm-a89fc3.o(.bss.Rx_usart2_finish_flag)
    TMR3_GLOBAL_IRQHandler.bitNums           0x2000001e   Data           2  lto-llvm-a89fc3.o(.bss.TMR3_GLOBAL_IRQHandler.bitNums)
    [Anonymous Symbol]                       0x2000001e   Section        0  lto-llvm-a89fc3.o(.bss.TMR3_GLOBAL_IRQHandler.bitNums)
    TMR3_GLOBAL_IRQHandler.valueTmp          0x20000020   Data           4  lto-llvm-a89fc3.o(.bss.TMR3_GLOBAL_IRQHandler.valueTmp)
    [Anonymous Symbol]                       0x20000020   Section        0  lto-llvm-a89fc3.o(.bss.TMR3_GLOBAL_IRQHandler.valueTmp)
    data_433_buffer                          0x20000024   Data           3  lto-llvm-a89fc3.o(.bss.data_433_buffer)
    [Anonymous Symbol]                       0x20000024   Section        0  lto-llvm-a89fc3.o(.bss.data_433_buffer)
    holdTime                                 0x20000028   Data           2  lto-llvm-a89fc3.o(.bss.holdTime)
    [Anonymous Symbol]                       0x20000028   Section        0  lto-llvm-a89fc3.o(.bss.holdTime)
    object                                   0x2000002c   Data         136  lto-llvm-a89fc3.o(.bss.object)
    [Anonymous Symbol]                       0x2000002c   Section        0  lto-llvm-a89fc3.o(.bss.object)
    right_code_handle.right_code_time        0x200000b4   Data           1  lto-llvm-a89fc3.o(.bss.right_code_handle.right_code_time)
    [Anonymous Symbol]                       0x200000b4   Section        0  lto-llvm-a89fc3.o(.bss.right_code_handle.right_code_time)
    sFW433_t                                 0x200000b6   Data          14  lto-llvm-a89fc3.o(.bss.sFW433_t)
    [Anonymous Symbol]                       0x200000b6   Section        0  lto-llvm-a89fc3.o(.bss.sFW433_t)
    state                                    0x200000c4   Data           1  lto-llvm-a89fc3.o(.bss.state)
    [Anonymous Symbol]                       0x200000c4   Section        0  lto-llvm-a89fc3.o(.bss.state)
    timebase_ticks                           0x200000c8   Data           4  lto-llvm-a89fc3.o(.bss.timebase_ticks)
    [Anonymous Symbol]                       0x200000c8   Section        0  lto-llvm-a89fc3.o(.bss.timebase_ticks)
    tmt                                      0x200000cc   Data          24  lto-llvm-a89fc3.o(.bss.tmt)
    [Anonymous Symbol]                       0x200000cc   Section        0  lto-llvm-a89fc3.o(.bss.tmt)
    usart1_rx_counter                        0x200000e4   Data           1  lto-llvm-a89fc3.o(.bss.usart1_rx_counter)
    [Anonymous Symbol]                       0x200000e4   Section        0  lto-llvm-a89fc3.o(.bss.usart1_rx_counter)
    usart2_rx_buffer                         0x200000e6   Data           8  lto-llvm-a89fc3.o(.bss.usart2_rx_buffer)
    [Anonymous Symbol]                       0x200000e6   Section        0  lto-llvm-a89fc3.o(.bss.usart2_rx_buffer)
    usart2_rx_counter                        0x200000ee   Data           1  lto-llvm-a89fc3.o(.bss.usart2_rx_counter)
    [Anonymous Symbol]                       0x200000ee   Section        0  lto-llvm-a89fc3.o(.bss.usart2_rx_counter)
    STACK                                    0x200000f0   Section     1024  startup_at32f421.o(STACK)

    Global Symbols

    Symbol Name                              Value     Ov Type        Size  Object(Section)

    BuildAttributes$$THM_ISAv4$E$P$D$K$B$S$7EM$PE$A:L22UL41UL21$X:L11$S22US41US21$IEEE1$IW$~IW$USESV6$~STKCKD$USESV7$~SHL$OSPACE$IEEEF$EBA8$MICROLIB$REQ8$PRES8$EABIv2 0x00000000   Number         0  anon$$obj.o ABSOLUTE
    __cpp_initialize__aeabi_                  - Undefined Weak Reference
    __cxa_finalize                            - Undefined Weak Reference
    __decompress                              - Undefined Weak Reference
    _clock_init                               - Undefined Weak Reference
    _microlib_exit                            - Undefined Weak Reference
    __Vectors_Size                           0x000000cc   Number         0  startup_at32f421.o ABSOLUTE
    __Vectors                                0x08000000   Data           4  startup_at32f421.o(RESET)
    __Vectors_End                            0x080000cc   Data           0  startup_at32f421.o(RESET)
    __main                                   0x080000cd   Thumb Code     0  entry.o(.ARM.Collect$$$$00000000)
    _main_stk                                0x080000cd   Thumb Code     0  entry2.o(.ARM.Collect$$$$00000001)
    _main_scatterload                        0x080000d1   Thumb Code     0  entry5.o(.ARM.Collect$$$$00000004)
    __main_after_scatterload                 0x080000d5   Thumb Code     0  entry5.o(.ARM.Collect$$$$00000004)
    _main_clock                              0x080000d5   Thumb Code     0  entry7b.o(.ARM.Collect$$$$00000008)
    _main_cpp_init                           0x080000d5   Thumb Code     0  entry8b.o(.ARM.Collect$$$$0000000A)
    _main_init                               0x080000d5   Thumb Code     0  entry9a.o(.ARM.Collect$$$$0000000B)
    __rt_final_cpp                           0x080000dd   Thumb Code     0  entry10a.o(.ARM.Collect$$$$0000000D)
    __rt_final_exit                          0x080000dd   Thumb Code     0  entry11a.o(.ARM.Collect$$$$0000000F)
    Reset_Handler                            0x080000e1   Thumb Code     8  startup_at32f421.o(.text)
    ADC1_CMP_IRQHandler                      0x080000fb   Thumb Code     0  startup_at32f421.o(.text)
    CRM_IRQHandler                           0x080000fb   Thumb Code     0  startup_at32f421.o(.text)
    DMA1_Channel1_IRQHandler                 0x080000fb   Thumb Code     0  startup_at32f421.o(.text)
    DMA1_Channel3_2_IRQHandler               0x080000fb   Thumb Code     0  startup_at32f421.o(.text)
    DMA1_Channel5_4_IRQHandler               0x080000fb   Thumb Code     0  startup_at32f421.o(.text)
    ERTC_IRQHandler                          0x080000fb   Thumb Code     0  startup_at32f421.o(.text)
    EXINT15_4_IRQHandler                     0x080000fb   Thumb Code     0  startup_at32f421.o(.text)
    EXINT1_0_IRQHandler                      0x080000fb   Thumb Code     0  startup_at32f421.o(.text)
    EXINT3_2_IRQHandler                      0x080000fb   Thumb Code     0  startup_at32f421.o(.text)
    FLASH_IRQHandler                         0x080000fb   Thumb Code     0  startup_at32f421.o(.text)
    I2C1_ERR_IRQHandler                      0x080000fb   Thumb Code     0  startup_at32f421.o(.text)
    I2C1_EVT_IRQHandler                      0x080000fb   Thumb Code     0  startup_at32f421.o(.text)
    I2C2_ERR_IRQHandler                      0x080000fb   Thumb Code     0  startup_at32f421.o(.text)
    I2C2_EVT_IRQHandler                      0x080000fb   Thumb Code     0  startup_at32f421.o(.text)
    PVM_IRQHandler                           0x080000fb   Thumb Code     0  startup_at32f421.o(.text)
    SPI1_IRQHandler                          0x080000fb   Thumb Code     0  startup_at32f421.o(.text)
    SPI2_IRQHandler                          0x080000fb   Thumb Code     0  startup_at32f421.o(.text)
    TMR14_GLOBAL_IRQHandler                  0x080000fb   Thumb Code     0  startup_at32f421.o(.text)
    TMR15_GLOBAL_IRQHandler                  0x080000fb   Thumb Code     0  startup_at32f421.o(.text)
    TMR16_GLOBAL_IRQHandler                  0x080000fb   Thumb Code     0  startup_at32f421.o(.text)
    TMR17_GLOBAL_IRQHandler                  0x080000fb   Thumb Code     0  startup_at32f421.o(.text)
    TMR1_BRK_OVF_TRG_HALL_IRQHandler         0x080000fb   Thumb Code     0  startup_at32f421.o(.text)
    TMR1_CH_IRQHandler                       0x080000fb   Thumb Code     0  startup_at32f421.o(.text)
    TMR6_GLOBAL_IRQHandler                   0x080000fb   Thumb Code     0  startup_at32f421.o(.text)
    WWDT_IRQHandler                          0x080000fb   Thumb Code     0  startup_at32f421.o(.text)
    __scatterload                            0x08000105   Thumb Code    38  init.o(.text)
    __scatterload_rt2                        0x08000105   Thumb Code     0  init.o(.text)
    __aeabi_uldivmod                         0x08000135   Thumb Code    98  uldiv.o(.text)
    __aeabi_llsl                             0x08000197   Thumb Code    30  llshl.o(.text)
    _ll_shift_l                              0x08000197   Thumb Code     0  llshl.o(.text)
    __aeabi_llsr                             0x080001b5   Thumb Code    32  llushr.o(.text)
    _ll_ushift_r                             0x080001b5   Thumb Code     0  llushr.o(.text)
    BusFault_Handler                         0x080001d5   Thumb Code     4  lto-llvm-a89fc3.o(.text.BusFault_Handler)
    DebugMon_Handler                         0x080001d9   Thumb Code     2  lto-llvm-a89fc3.o(.text.DebugMon_Handler)
    HardFault_Handler                        0x08000591   Thumb Code     4  lto-llvm-a89fc3.o(.text.HardFault_Handler)
    MemManage_Handler                        0x08000595   Thumb Code     4  lto-llvm-a89fc3.o(.text.MemManage_Handler)
    NMI_Handler                              0x08000599   Thumb Code     2  lto-llvm-a89fc3.o(.text.NMI_Handler)
    PendSV_Handler                           0x08000665   Thumb Code     2  lto-llvm-a89fc3.o(.text.PendSV_Handler)
    SVC_Handler                              0x08000669   Thumb Code     2  lto-llvm-a89fc3.o(.text.SVC_Handler)
    SysTick_Handler                          0x0800066d   Thumb Code    20  lto-llvm-a89fc3.o(.text.SysTick_Handler)
    SystemInit                               0x08000681   Thumb Code   170  lto-llvm-a89fc3.o(.text.SystemInit)
    TMR3_GLOBAL_IRQHandler                   0x0800072d   Thumb Code   634  lto-llvm-a89fc3.o(.text.TMR3_GLOBAL_IRQHandler)
    USART1_IRQHandler                        0x080009a9   Thumb Code   108  lto-llvm-a89fc3.o(.text.USART1_IRQHandler)
    USART2_IRQHandler                        0x08000a15   Thumb Code   170  lto-llvm-a89fc3.o(.text.USART2_IRQHandler)
    UsageFault_Handler                       0x08000ac1   Thumb Code     4  lto-llvm-a89fc3.o(.text.UsageFault_Handler)
    main                                     0x08001e59   Thumb Code   204  lto-llvm-a89fc3.o(.text.main)
    __scatterload_copy                       0x08003511   Thumb Code    14  handlers.o(i.__scatterload_copy)
    __scatterload_null                       0x0800351f   Thumb Code     2  handlers.o(i.__scatterload_null)
    __scatterload_zeroinit                   0x08003521   Thumb Code    14  handlers.o(i.__scatterload_zeroinit)
    Region$$Table$$Base                      0x08003550   Number         0  anon$$obj.o(Region$$Table)
    Region$$Table$$Limit                     0x08003570   Number         0  anon$$obj.o(Region$$Table)
    __initial_sp                             0x200004f0   Data           0  startup_at32f421.o(STACK)



==============================================================================

Memory Map of the image

  Image Entry point : 0x080000cd

  Load Region LR_IROM1 (Base: 0x08000000, Size: 0x00003578, Max: 0x00010000, ABSOLUTE)

    Execution Region ER_IROM1 (Exec base: 0x08000000, Load base: 0x08000000, Size: 0x00003570, Max: 0x00010000, ABSOLUTE)

    Exec Addr    Load Addr    Size         Type   Attr      Idx    E Section Name        Object

    0x08000000   0x08000000   0x000000cc   Data   RO           23    RESET               startup_at32f421.o
    0x080000cc   0x080000cc   0x00000000   Code   RO           39  * .ARM.Collect$$$$00000000  mc_w.l(entry.o)
    0x080000cc   0x080000cc   0x00000004   Code   RO           42    .ARM.Collect$$$$00000001  mc_w.l(entry2.o)
    0x080000d0   0x080000d0   0x00000004   Code   RO           45    .ARM.Collect$$$$00000004  mc_w.l(entry5.o)
    0x080000d4   0x080000d4   0x00000000   Code   RO           47    .ARM.Collect$$$$00000008  mc_w.l(entry7b.o)
    0x080000d4   0x080000d4   0x00000000   Code   RO           49    .ARM.Collect$$$$0000000A  mc_w.l(entry8b.o)
    0x080000d4   0x080000d4   0x00000008   Code   RO           50    .ARM.Collect$$$$0000000B  mc_w.l(entry9a.o)
    0x080000dc   0x080000dc   0x00000000   Code   RO           52    .ARM.Collect$$$$0000000D  mc_w.l(entry10a.o)
    0x080000dc   0x080000dc   0x00000000   Code   RO           54    .ARM.Collect$$$$0000000F  mc_w.l(entry11a.o)
    0x080000dc   0x080000dc   0x00000004   Code   RO           43    .ARM.Collect$$$$00002712  mc_w.l(entry2.o)
    0x080000e0   0x080000e0   0x00000024   Code   RO           24    .text               startup_at32f421.o
    0x08000104   0x08000104   0x00000030   Code   RO           56    .text               mc_w.l(init.o)
    0x08000134   0x08000134   0x00000062   Code   RO          343    .text               mc_w.l(uldiv.o)
    0x08000196   0x08000196   0x0000001e   Code   RO          345    .text               mc_w.l(llshl.o)
    0x080001b4   0x080001b4   0x00000020   Code   RO          347    .text               mc_w.l(llushr.o)
    0x080001d4   0x080001d4   0x00000004   Code   RO           65    .text.BusFault_Handler  lto-llvm-a89fc3.o
    0x080001d8   0x080001d8   0x00000002   Code   RO           71    .text.DebugMon_Handler  lto-llvm-a89fc3.o
    0x080001da   0x080001da   0x00000002   PAD
    0x080001dc   0x080001dc   0x0000003a   Code   RO          305    .text.FW433_Init    lto-llvm-a89fc3.o
    0x08000216   0x08000216   0x00000002   PAD
    0x08000218   0x08000218   0x00000378   Code   RO          289    .text.FlashProc     lto-llvm-a89fc3.o
    0x08000590   0x08000590   0x00000004   Code   RO           61    .text.HardFault_Handler  lto-llvm-a89fc3.o
    0x08000594   0x08000594   0x00000004   Code   RO           63    .text.MemManage_Handler  lto-llvm-a89fc3.o
    0x08000598   0x08000598   0x00000002   Code   RO           59    .text.NMI_Handler   lto-llvm-a89fc3.o
    0x0800059a   0x0800059a   0x00000002   PAD
    0x0800059c   0x0800059c   0x00000064   Code   RO           91    .text.NVIC_EncodePriority  lto-llvm-a89fc3.o
    0x08000600   0x08000600   0x00000062   Code   RO          255    .text.NVIC_EncodePriority.124  lto-llvm-a89fc3.o
    0x08000662   0x08000662   0x00000002   PAD
    0x08000664   0x08000664   0x00000002   Code   RO           73    .text.PendSV_Handler  lto-llvm-a89fc3.o
    0x08000666   0x08000666   0x00000002   PAD
    0x08000668   0x08000668   0x00000002   Code   RO           69    .text.SVC_Handler   lto-llvm-a89fc3.o
    0x0800066a   0x0800066a   0x00000002   PAD
    0x0800066c   0x0800066c   0x00000014   Code   RO           75    .text.SysTick_Handler  lto-llvm-a89fc3.o
    0x08000680   0x08000680   0x000000aa   Code   RO          267    .text.SystemInit    lto-llvm-a89fc3.o
    0x0800072a   0x0800072a   0x00000002   PAD
    0x0800072c   0x0800072c   0x0000027a   Code   RO           77    .text.TMR3_GLOBAL_IRQHandler  lto-llvm-a89fc3.o
    0x080009a6   0x080009a6   0x00000002   PAD
    0x080009a8   0x080009a8   0x0000006c   Code   RO           79    .text.USART1_IRQHandler  lto-llvm-a89fc3.o
    0x08000a14   0x08000a14   0x000000aa   Code   RO           81    .text.USART2_IRQHandler  lto-llvm-a89fc3.o
    0x08000abe   0x08000abe   0x00000002   PAD
    0x08000ac0   0x08000ac0   0x00000004   Code   RO           67    .text.UsageFault_Handler  lto-llvm-a89fc3.o
    0x08000ac4   0x08000ac4   0x00000032   Code   RO          259    .text.__NVIC_EnableIRQ  lto-llvm-a89fc3.o
    0x08000af6   0x08000af6   0x00000002   PAD
    0x08000af8   0x08000af8   0x00000010   Code   RO           89    .text.__NVIC_GetPriorityGrouping  lto-llvm-a89fc3.o
    0x08000b08   0x08000b08   0x00000010   Code   RO          253    .text.__NVIC_GetPriorityGrouping.123  lto-llvm-a89fc3.o
    0x08000b18   0x08000b18   0x00000042   Code   RO           93    .text.__NVIC_SetPriority  lto-llvm-a89fc3.o
    0x08000b5a   0x08000b5a   0x00000002   PAD
    0x08000b5c   0x08000b5c   0x00000042   Code   RO          257    .text.__NVIC_SetPriority.125  lto-llvm-a89fc3.o
    0x08000b9e   0x08000b9e   0x00000002   PAD
    0x08000ba0   0x08000ba0   0x0000003c   Code   RO          263    .text.__NVIC_SetPriorityGrouping  lto-llvm-a89fc3.o
    0x08000bdc   0x08000bdc   0x000002e8   Code   RO          299    .text.asrpro_Handle  lto-llvm-a89fc3.o
    0x08000ec4   0x08000ec4   0x00000008   Code   RO          103    .text.asrpro_task   lto-llvm-a89fc3.o
    0x08000ecc   0x08000ecc   0x00000044   Code   RO          231    .text.crc_block_calculate  lto-llvm-a89fc3.o
    0x08000f10   0x08000f10   0x00000012   Code   RO          229    .text.crc_data_reset  lto-llvm-a89fc3.o
    0x08000f22   0x08000f22   0x00000002   PAD
    0x08000f24   0x08000f24   0x00000018   Code   RO          233    .text.crc_init_data_set  lto-llvm-a89fc3.o
    0x08000f3c   0x08000f3c   0x00000028   Code   RO          241    .text.crc_poly_size_set  lto-llvm-a89fc3.o
    0x08000f64   0x08000f64   0x0000001c   Code   RO          239    .text.crc_poly_value_set  lto-llvm-a89fc3.o
    0x08000f80   0x08000f80   0x00000028   Code   RO          235    .text.crc_reverse_input_data_set  lto-llvm-a89fc3.o
    0x08000fa8   0x08000fa8   0x00000028   Code   RO          237    .text.crc_reverse_output_data_set  lto-llvm-a89fc3.o
    0x08000fd0   0x08000fd0   0x00000028   Code   RO          139    .text.crm_ahb_div_set  lto-llvm-a89fc3.o
    0x08000ff8   0x08000ff8   0x00000028   Code   RO          141    .text.crm_apb1_div_set  lto-llvm-a89fc3.o
    0x08001020   0x08001020   0x00000028   Code   RO          143    .text.crm_apb2_div_set  lto-llvm-a89fc3.o
    0x08001048   0x08001048   0x00000038   Code   RO          153    .text.crm_auto_step_mode_enable  lto-llvm-a89fc3.o
    0x08001080   0x08001080   0x000000a2   Code   RO          137    .text.crm_clock_source_enable  lto-llvm-a89fc3.o
    0x08001122   0x08001122   0x00000002   PAD
    0x08001124   0x08001124   0x00000262   Code   RO          151    .text.crm_clocks_freq_get  lto-llvm-a89fc3.o
    0x08001386   0x08001386   0x00000002   PAD
    0x08001388   0x08001388   0x0000003e   Code   RO          133    .text.crm_flag_get  lto-llvm-a89fc3.o
    0x080013c6   0x080013c6   0x00000002   PAD
    0x080013c8   0x080013c8   0x00000056   Code   RO          135    .text.crm_periph_clock_enable  lto-llvm-a89fc3.o
    0x0800141e   0x0800141e   0x00000002   PAD
    0x08001420   0x08001420   0x000001e6   Code   RO          145    .text.crm_pll_config  lto-llvm-a89fc3.o
    0x08001606   0x08001606   0x00000002   PAD
    0x08001608   0x08001608   0x0000009c   Code   RO          131    .text.crm_reset     lto-llvm-a89fc3.o
    0x080016a4   0x080016a4   0x00000048   Code   RO          147    .text.crm_sysclk_switch  lto-llvm-a89fc3.o
    0x080016ec   0x080016ec   0x00000010   Code   RO          149    .text.crm_sysclk_switch_status_get  lto-llvm-a89fc3.o
    0x080016fc   0x080016fc   0x0000005a   Code   RO          287    .text.data_check_len  lto-llvm-a89fc3.o
    0x08001756   0x08001756   0x00000002   PAD
    0x08001758   0x08001758   0x00000294   Code   RO          295    .text.decode_handle  lto-llvm-a89fc3.o
    0x080019ec   0x080019ec   0x00000040   Code   RO          227    .text.flash_halfword_program  lto-llvm-a89fc3.o
    0x08001a2c   0x08001a2c   0x00000012   Code   RO          223    .text.flash_lock    lto-llvm-a89fc3.o
    0x08001a3e   0x08001a3e   0x00000002   PAD
    0x08001a40   0x08001a40   0x00000068   Code   RO          217    .text.flash_operation_status_get  lto-llvm-a89fc3.o
    0x08001aa8   0x08001aa8   0x00000056   Code   RO          219    .text.flash_operation_wait_for  lto-llvm-a89fc3.o
    0x08001afe   0x08001afe   0x00000002   PAD
    0x08001b00   0x08001b00   0x00000048   Code   RO          225    .text.flash_sector_erase  lto-llvm-a89fc3.o
    0x08001b48   0x08001b48   0x00000008   Code   RO          101    .text.flash_task    lto-llvm-a89fc3.o
    0x08001b50   0x08001b50   0x0000001e   Code   RO          221    .text.flash_unlock  lto-llvm-a89fc3.o
    0x08001b6e   0x08001b6e   0x00000002   PAD
    0x08001b70   0x08001b70   0x00000032   Code   RO          285    .text.flash_wred_halfword  lto-llvm-a89fc3.o
    0x08001ba2   0x08001ba2   0x00000002   PAD
    0x08001ba4   0x08001ba4   0x00000014   Code   RO          189    .text.gpio_bits_reset  lto-llvm-a89fc3.o
    0x08001bb8   0x08001bb8   0x0000001a   Code   RO          187    .text.gpio_bits_set  lto-llvm-a89fc3.o
    0x08001bd2   0x08001bd2   0x00000002   PAD
    0x08001bd4   0x08001bd4   0x00000024   Code   RO          181    .text.gpio_default_para_init  lto-llvm-a89fc3.o
    0x08001bf8   0x08001bf8   0x000000e6   Code   RO          179    .text.gpio_init     lto-llvm-a89fc3.o
    0x08001cde   0x08001cde   0x00000002   PAD
    0x08001ce0   0x08001ce0   0x0000003c   Code   RO          183    .text.gpio_input_data_bit_read  lto-llvm-a89fc3.o
    0x08001d1c   0x08001d1c   0x0000003a   Code   RO          185    .text.gpio_output_data_bit_read  lto-llvm-a89fc3.o
    0x08001d56   0x08001d56   0x00000002   PAD
    0x08001d58   0x08001d58   0x00000092   Code   RO          191    .text.gpio_pin_mux_config  lto-llvm-a89fc3.o
    0x08001dea   0x08001dea   0x00000002   PAD
    0x08001dec   0x08001dec   0x00000004   Code   RO          297    .text.iap_command_handle  lto-llvm-a89fc3.o
    0x08001df0   0x08001df0   0x00000008   Code   RO           99    .text.iap_task      lto-llvm-a89fc3.o
    0x08001df8   0x08001df8   0x00000060   Code   RO          107    .text.led_task      lto-llvm-a89fc3.o
    0x08001e58   0x08001e58   0x000000cc   Code   RO           95    .text.main          lto-llvm-a89fc3.o
    0x08001f24   0x08001f24   0x00000034   Code   RO          251    .text.nvic_irq_enable  lto-llvm-a89fc3.o
    0x08001f58   0x08001f58   0x00000016   Code   RO          261    .text.nvic_priority_group_config  lto-llvm-a89fc3.o
    0x08001f6e   0x08001f6e   0x00000002   PAD
    0x08001f70   0x08001f70   0x00000008   Code   RO           97    .text.recevier433_task  lto-llvm-a89fc3.o
    0x08001f78   0x08001f78   0x00000020   Code   RO          291    .text.recevier_handle  lto-llvm-a89fc3.o
    0x08001f98   0x08001f98   0x0000006a   Code   RO          293    .text.right_code_handle  lto-llvm-a89fc3.o
    0x08002002   0x08002002   0x00000002   PAD
    0x08002004   0x08002004   0x00000228   Code   RO          269    .text.system_core_clock_update  lto-llvm-a89fc3.o
    0x0800222c   0x0800222c   0x0000003a   Code   RO          265    .text.systick_clock_source_config  lto-llvm-a89fc3.o
    0x08002266   0x08002266   0x00000002   PAD
    0x08002268   0x08002268   0x00000030   Code   RO          157    .text.tmr_base_init  lto-llvm-a89fc3.o
    0x08002298   0x08002298   0x0000005a   Code   RO          165    .text.tmr_channel_value_get  lto-llvm-a89fc3.o
    0x080022f2   0x080022f2   0x00000002   PAD
    0x080022f4   0x080022f4   0x0000002c   Code   RO          159    .text.tmr_clock_source_div_set  lto-llvm-a89fc3.o
    0x08002320   0x08002320   0x0000002c   Code   RO          161    .text.tmr_cnt_dir_set  lto-llvm-a89fc3.o
    0x0800234c   0x0800234c   0x00000024   Code   RO          155    .text.tmr_counter_enable  lto-llvm-a89fc3.o
    0x08002370   0x08002370   0x0000001a   Code   RO          163    .text.tmr_counter_value_set  lto-llvm-a89fc3.o
    0x0800238a   0x0800238a   0x00000002   PAD
    0x0800238c   0x0800238c   0x0000001c   Code   RO          177    .text.tmr_flag_clear  lto-llvm-a89fc3.o
    0x080023a8   0x080023a8   0x0000022c   Code   RO          169    .text.tmr_input_channel_init  lto-llvm-a89fc3.o
    0x080025d4   0x080025d4   0x00000048   Code   RO          175    .text.tmr_interrupt_enable  lto-llvm-a89fc3.o
    0x0800261c   0x0800261c   0x0000002c   Code   RO          167    .text.tmr_period_buffer_enable  lto-llvm-a89fc3.o
    0x08002648   0x08002648   0x0000002c   Code   RO          171    .text.tmr_primary_mode_select  lto-llvm-a89fc3.o
    0x08002674   0x08002674   0x0000002c   Code   RO          173    .text.tmr_sub_sync_mode_set  lto-llvm-a89fc3.o
    0x080026a0   0x080026a0   0x00000088   Code   RO          277    .text.tmt_create    lto-llvm-a89fc3.o
    0x08002728   0x08002728   0x0000012c   Code   RO          279    .text.tmt_delete    lto-llvm-a89fc3.o
    0x08002854   0x08002854   0x00000076   Code   RO          271    .text.tmt_init      lto-llvm-a89fc3.o
    0x080028ca   0x080028ca   0x00000002   PAD
    0x080028cc   0x080028cc   0x000000b2   Code   RO          273    .text.tmt_run       lto-llvm-a89fc3.o
    0x0800297e   0x0800297e   0x00000002   PAD
    0x08002980   0x08002980   0x00000086   Code   RO          283    .text.tmt_run_ctrl  lto-llvm-a89fc3.o
    0x08002a06   0x08002a06   0x00000002   PAD
    0x08002a08   0x08002a08   0x00000098   Code   RO          281    .text.tmt_time_ctrl  lto-llvm-a89fc3.o
    0x08002aa0   0x08002aa0   0x0000006a   Code   RO          275    .text.tmt_update_tick  lto-llvm-a89fc3.o
    0x08002b0a   0x08002b0a   0x00000002   PAD
    0x08002b0c   0x08002b0c   0x0000003a   Code   RO          303    .text.usart1_send_byte  lto-llvm-a89fc3.o
    0x08002b46   0x08002b46   0x00000002   PAD
    0x08002b48   0x08002b48   0x0000000e   Code   RO          207    .text.usart_data_receive  lto-llvm-a89fc3.o
    0x08002b56   0x08002b56   0x00000002   PAD
    0x08002b58   0x08002b58   0x00000020   Code   RO          205    .text.usart_data_transmit  lto-llvm-a89fc3.o
    0x08002b78   0x08002b78   0x00000024   Code   RO          197    .text.usart_enable  lto-llvm-a89fc3.o
    0x08002b9c   0x08002b9c   0x00000028   Code   RO          215    .text.usart_flag_clear  lto-llvm-a89fc3.o
    0x08002bc4   0x08002bc4   0x00000034   Code   RO          211    .text.usart_flag_get  lto-llvm-a89fc3.o
    0x08002bf8   0x08002bf8   0x00000092   Code   RO          209    .text.usart_hardware_flow_control_set  lto-llvm-a89fc3.o
    0x08002c8a   0x08002c8a   0x00000002   PAD
    0x08002c8c   0x08002c8c   0x000000d4   Code   RO          193    .text.usart_init    lto-llvm-a89fc3.o
    0x08002d60   0x08002d60   0x00000052   Code   RO          203    .text.usart_interrupt_enable  lto-llvm-a89fc3.o
    0x08002db2   0x08002db2   0x00000002   PAD
    0x08002db4   0x08002db4   0x00000120   Code   RO          213    .text.usart_interrupt_flag_get  lto-llvm-a89fc3.o
    0x08002ed4   0x08002ed4   0x00000070   Code   RO          195    .text.usart_parity_selection_config  lto-llvm-a89fc3.o
    0x08002f44   0x08002f44   0x00000024   Code   RO          201    .text.usart_receiver_enable  lto-llvm-a89fc3.o
    0x08002f68   0x08002f68   0x00000082   Code   RO          301    .text.usart_send_handle  lto-llvm-a89fc3.o
    0x08002fea   0x08002fea   0x00000002   PAD
    0x08002fec   0x08002fec   0x00000008   Code   RO          105    .text.usart_send_task  lto-llvm-a89fc3.o
    0x08002ff4   0x08002ff4   0x0000002c   Code   RO          199    .text.usart_transmitter_enable  lto-llvm-a89fc3.o
    0x08003020   0x08003020   0x00000010   Code   RO          243    .text.wdt_counter_reload  lto-llvm-a89fc3.o
    0x08003030   0x08003030   0x00000020   Code   RO          247    .text.wdt_divider_set  lto-llvm-a89fc3.o
    0x08003050   0x08003050   0x00000032   Code   RO          249    .text.wdt_register_write_enable  lto-llvm-a89fc3.o
    0x08003082   0x08003082   0x00000002   PAD
    0x08003084   0x08003084   0x0000001a   Code   RO          245    .text.wdt_reload_value_set  lto-llvm-a89fc3.o
    0x0800309e   0x0800309e   0x00000002   PAD
    0x080030a0   0x080030a0   0x00000026   Code   RO          127    .text.wk_crc_init   lto-llvm-a89fc3.o
    0x080030c6   0x080030c6   0x00000002   PAD
    0x080030c8   0x080030c8   0x00000038   Code   RO          113    .text.wk_delay_ms   lto-llvm-a89fc3.o
    0x08003100   0x08003100   0x00000070   Code   RO          123    .text.wk_gpio_config  lto-llvm-a89fc3.o
    0x08003170   0x08003170   0x000000ac   Code   RO           87    .text.wk_nvic_config  lto-llvm-a89fc3.o
    0x0800321c   0x0800321c   0x00000040   Code   RO           85    .text.wk_periph_clock_config  lto-llvm-a89fc3.o
    0x0800325c   0x0800325c   0x0000008e   Code   RO           83    .text.wk_system_clock_config  lto-llvm-a89fc3.o
    0x080032ea   0x080032ea   0x00000002   PAD
    0x080032ec   0x080032ec   0x0000000c   Code   RO          111    .text.wk_timebase_get  lto-llvm-a89fc3.o
    0x080032f8   0x080032f8   0x00000008   Code   RO          117    .text.wk_timebase_handler  lto-llvm-a89fc3.o
    0x08003300   0x08003300   0x00000010   Code   RO          109    .text.wk_timebase_increase  lto-llvm-a89fc3.o
    0x08003310   0x08003310   0x00000054   Code   RO          115    .text.wk_timebase_init  lto-llvm-a89fc3.o
    0x08003364   0x08003364   0x00000072   Code   RO          125    .text.wk_tmr3_init  lto-llvm-a89fc3.o
    0x080033d6   0x080033d6   0x00000002   PAD
    0x080033d8   0x080033d8   0x000000a6   Code   RO          119    .text.wk_usart1_init  lto-llvm-a89fc3.o
    0x0800347e   0x0800347e   0x00000002   PAD
    0x08003480   0x08003480   0x0000007c   Code   RO          121    .text.wk_usart2_init  lto-llvm-a89fc3.o
    0x080034fc   0x080034fc   0x00000014   Code   RO          129    .text.wk_wdt_init   lto-llvm-a89fc3.o
    0x08003510   0x08003510   0x0000000e   Code   RO          351    i.__scatterload_copy  mc_w.l(handlers.o)
    0x0800351e   0x0800351e   0x00000002   Code   RO          352    i.__scatterload_null  mc_w.l(handlers.o)
    0x08003520   0x08003520   0x0000000e   Code   RO          353    i.__scatterload_zeroinit  mc_w.l(handlers.o)
    0x0800352e   0x0800352e   0x00000010   Data   RO          318    .rodata.cst16       lto-llvm-a89fc3.o
    0x0800353e   0x0800353e   0x00000010   Data   RO          316    .rodata.cst8        lto-llvm-a89fc3.o
    0x0800354e   0x0800354e   0x00000002   PAD
    0x08003550   0x08003550   0x00000020   Data   RO          350    Region$$Table       anon$$obj.o


    Execution Region RW_IRAM1 (Exec base: 0x20000000, Load base: 0x08003570, Size: 0x000004f0, Max: 0x00004000, ABSOLUTE)

    Exec Addr    Load Addr    Size         Type   Attr      Idx    E Section Name        Object

    0x20000000   0x08003570   0x00000004   Data   RW          317    .data.system_core_clock  lto-llvm-a89fc3.o
    0x20000004   0x08003574   0x00000004   PAD
    0x20000008        -       0x00000002   Zero   RW          331    .bss.Asrpro_Rx_buffer.0  lto-llvm-a89fc3.o
    0x2000000a        -       0x00000002   Zero   RW          332    .bss.Asrpro_Rx_buffer.1  lto-llvm-a89fc3.o
    0x2000000c        -       0x00000002   Zero   RW          333    .bss.Asrpro_Rx_buffer.2  lto-llvm-a89fc3.o
    0x2000000e        -       0x00000002   Zero   RW          334    .bss.Asrpro_Rx_buffer.3  lto-llvm-a89fc3.o
    0x20000010        -       0x00000002   Zero   RW          327    .bss.FlashProc.a_ver  lto-llvm-a89fc3.o
    0x20000012        -       0x00000002   Zero   RW          328    .bss.FlashProc.b_ver  lto-llvm-a89fc3.o
    0x20000014        -       0x00000001   Zero   RW          326    .bss.FlashProc.first_start_flag  lto-llvm-a89fc3.o
    0x20000015        -       0x00000001   Zero   RW          325    .bss.FlashProc.flash_count  lto-llvm-a89fc3.o
    0x20000016        -       0x00000002   Zero   RW          324    .bss.FlashProc.flash_version  lto-llvm-a89fc3.o
    0x20000018        -       0x00000001   Zero   RW          323    .bss.FlashProc.last_Right_code_flag  lto-llvm-a89fc3.o
    0x20000019   0x08003574   0x00000001   PAD
    0x2000001a        -       0x00000002   Zero   RW          322    .bss.FlashProc.last_address_code  lto-llvm-a89fc3.o
    0x2000001c        -       0x00000001   Zero   RW          321    .bss.FlashProc.sflash.0  lto-llvm-a89fc3.o
    0x2000001d        -       0x00000001   Zero   RW          335    .bss.Rx_usart2_finish_flag  lto-llvm-a89fc3.o
    0x2000001e        -       0x00000002   Zero   RW          313    .bss.TMR3_GLOBAL_IRQHandler.bitNums  lto-llvm-a89fc3.o
    0x20000020        -       0x00000004   Zero   RW          312    .bss.TMR3_GLOBAL_IRQHandler.valueTmp  lto-llvm-a89fc3.o
    0x20000024        -       0x00000003   Zero   RW          329    .bss.data_433_buffer  lto-llvm-a89fc3.o
    0x20000027   0x08003574   0x00000001   PAD
    0x20000028        -       0x00000002   Zero   RW          308    .bss.holdTime       lto-llvm-a89fc3.o
    0x2000002a   0x08003574   0x00000002   PAD
    0x2000002c        -       0x00000088   Zero   RW          319    .bss.object         lto-llvm-a89fc3.o
    0x200000b4        -       0x00000001   Zero   RW          330    .bss.right_code_handle.right_code_time  lto-llvm-a89fc3.o
    0x200000b5   0x08003574   0x00000001   PAD
    0x200000b6        -       0x0000000e   Zero   RW          336    .bss.sFW433_t       lto-llvm-a89fc3.o
    0x200000c4        -       0x00000001   Zero   RW          307    .bss.state          lto-llvm-a89fc3.o
    0x200000c5   0x08003574   0x00000003   PAD
    0x200000c8        -       0x00000004   Zero   RW          315    .bss.timebase_ticks  lto-llvm-a89fc3.o
    0x200000cc        -       0x00000018   Zero   RW          320    .bss.tmt            lto-llvm-a89fc3.o
    0x200000e4        -       0x00000001   Zero   RW          309    .bss.usart1_rx_counter  lto-llvm-a89fc3.o
    0x200000e5   0x08003574   0x00000001   PAD
    0x200000e6        -       0x00000008   Zero   RW          311    .bss.usart2_rx_buffer  lto-llvm-a89fc3.o
    0x200000ee        -       0x00000001   Zero   RW          310    .bss.usart2_rx_counter  lto-llvm-a89fc3.o
    0x200000ef   0x08003574   0x00000001   PAD
    0x200000f0        -       0x00000400   Zero   RW           21    STACK               startup_at32f421.o


==============================================================================

Image component sizes


      Code (inc. data)   RO Data    RW Data    ZI Data      Debug   Object Name

     13022         56         32          4        222     106055   lto-llvm-a89fc3.o
        36          8        204          0       1024        824   startup_at32f421.o

    ----------------------------------------------------------------------
     13152         64        270          4       1260     106879   Object Totals
         0          0         32          0          0          0   (incl. Generated)
        94          0          2          0         14          0   (incl. Padding)

    ----------------------------------------------------------------------

      Code (inc. data)   RO Data    RW Data    ZI Data      Debug   Library Member Name

         0          0          0          0          0          0   entry.o
         0          0          0          0          0          0   entry10a.o
         0          0          0          0          0          0   entry11a.o
         8          4          0          0          0          0   entry2.o
         4          0          0          0          0          0   entry5.o
         0          0          0          0          0          0   entry7b.o
         0          0          0          0          0          0   entry8b.o
         8          4          0          0          0          0   entry9a.o
        30          0          0          0          0          0   handlers.o
        48         10          0          0          0         68   init.o
        30          0          0          0          0         68   llshl.o
        32          0          0          0          0         68   llushr.o
        98          0          0          0          0         92   uldiv.o

    ----------------------------------------------------------------------
       258         18          0          0          0        296   Library Totals
         0          0          0          0          0          0   (incl. Padding)

    ----------------------------------------------------------------------

      Code (inc. data)   RO Data    RW Data    ZI Data      Debug   Library Name

       258         18          0          0          0        296   mc_w.l

    ----------------------------------------------------------------------
       258         18          0          0          0        296   Library Totals

    ----------------------------------------------------------------------

==============================================================================


      Code (inc. data)   RO Data    RW Data    ZI Data      Debug   

     13410         82        270          4       1260     107275   Grand Totals
     13410         82        270          4       1260     107275   ELF Image Totals
     13410         82        270          4          0          0   ROM Totals

==============================================================================

    Total RO  Size (Code + RO Data)                13680 (  13.36kB)
    Total RW  Size (RW Data + ZI Data)              1264 (   1.23kB)
    Total ROM Size (Code + RO Data + RW Data)      13684 (  13.36kB)

==============================================================================

