<html>
<body>
<pre>
<h1>µVision Build Log</h1>
<h2>Tool Versions:</h2>
IDE-Version: ¦ÌVision V5.42.0.0
Copyright (C) 2025 ARM Ltd and ARM Germany GmbH. All rights reserved.
License Information: 1 Administrator, 11, LIC=IK1BF-6KR8B-2ZTW4-FMYEQ-TB5KW-HTE2F
 
Tool Versions:
Toolchain:       MDK-ARM Plus  Version: 5.42.0.0
Toolchain Path:  D:\keil5.42\ARM\ARMCLANG\Bin
C Compiler:      ArmClang.exe V6.23
Assembler:       Armasm.exe V6.23
Linker/Locator:  ArmLink.exe V6.23
Library Manager: ArmAr.exe V6.23
Hex Converter:   FromElf.exe V6.23
CPU DLL:         SARMCM3.DLL V5.42.0.0
Dialog DLL:      DCM.DLL V1.17.5.0
Target DLL:      CMSIS_AGDI.dll V1.33.22.0
Dialog DLL:      TCM.DLL V1.56.6.0
 
<h2>Project:</h2>
D:\433_send_receiver\433send_receiver\433_receiver\app\AT32F421F8P7_WorkBench\project\MDK_V5\AT32F421F8P7_WorkBench.uvprojx
Project File Date:  08/19/2025

<h2>Output:</h2>
*** Using Compiler 'V6.23', folder: 'D:\keil5.42\ARM\ARMCLANG\Bin'
Rebuild target 'AT32F421F8P7_WorkBench'
compiling at32f421_wk_config.c...
compiling main.c...
compiling at32f421_int.c...
compiling wk_tmr.c...
compiling wk_wdt.c...
compiling wk_gpio.c...
compiling wk_system.c...
compiling wk_crc.c...
compiling at32f421_debug.c...
compiling at32f421_usart.c...
compiling at32f421_crm.c...
compiling wk_usart.c...
compiling at32f421_gpio.c...
compiling at32f421_pwc.c...
compiling at32f421_tmr.c...
compiling at32f421_flash.c...
compiling at32f421_crc.c...
compiling at32f421_wdt.c...
compiling at32f421_misc.c...
compiling system_at32f421.c...
compiling tmt.c...
compiling iap_usart.c...
compiling flash.c...
armclang: warning: '--target=armv7em-arm-none-eabi' is not supported. Supported values for this option are 'arm-arm-none-eabi' or 'aarch64-arm-none-eabi' [-Wunsupported-option]
assembling startup_at32f421.s...
compiling flash_handle.c...
compiling 433_receiver.c...
compiling iap.c...
compiling usart_send_handle.c...
compiling FW433_handle.c...
compiling asrpro_handle.c...
linking...
Program Size: Code=13314 RO-data=270 RW-data=4 ZI-data=1260  
FromELF: creating hex file...
After Build - User command #1: fromelf.exe --bin --output .\Listings\AT32F421F8P7_WorkBench.bin .\objects\AT32F421F8P7_WorkBench.axf
After Build - User command #2: D:\ÏîÄ¿\BF05-master\BF05-master\app\project\MDK_V5\keil5_disp_size_bar.exe
ram:
  RW_IRAM1 :0x20000000
   16.00 KB :|¡ö___________________|    7.71 % (    1.23 KB /    16.00 KB) [15120 B]
flash:
  ER_IROM1 :0x8000000
   64.00 KB :|¡ö¡ö¡ö¡ö________________|   20.73 % (   13.27 KB /    64.00 KB) [51952 B]
".\objects\AT32F421F8P7_WorkBench.axf" - 0 Error(s), 1 Warning(s).

<h2>Software Packages used:</h2>

Package Vendor: ArteryTek
                
                ArteryTek::AT32F421_DFP@2.1.8
                ArteryTek AT32F421 Series Device Support,Drivers

<h2>Collection of Component include folders:</h2>
  D:/keil5.42/ArteryTek/AT32F421_DFP/2.1.8/Device/Include

<h2>Collection of Component Files used:</h2>
Build Time Elapsed:  00:00:02
</pre>
</body>
</html>
